[C:/Мои Web Сайты/сайт lebenbau/belgorod.lebenbau.ru/index.html]
[C:/Мои Web Сайты/сайт lebenbau/backblue.gif]
[C:/Мои Web Сайты/сайт lebenbau/fade.gif]
[C:/Мои Web Сайты/сайт lebenbau/index.html]
[C:/Мои Web Сайты/сайт lebenbau/belgorod.lebenbau.ru/wp-content/cache/autoptimize/3/css/autoptimize_a41f529ce1b8cdac53ae0d105da6bda5.css]
[C:/Мои Web Сайты/сайт lebenbau/belgorod.lebenbau.ru/wp-content/themes/lebenbau/fonts/blisspro-light.woff2]
[C:/Мои Web Сайты/сайт lebenbau/belgorod.lebenbau.ru/wp-content/themes/lebenbau/fonts/MyriadProBoldCond.woff2]
[C:/Мои Web Сайты/сайт lebenbau/belgorod.lebenbau.ru/wp-content/themes/lebenbau/js/jquery.min.js]
[C:/Мои Web Сайты/сайт lebenbau/belgorod.lebenbau.ru/wp-json/oembed/1.0/embed0137.json]
[C:/Мои Web Сайты/сайт lebenbau/lebenbau.ru/wp-content/themes/lebenbau/css/lbb_about5560.css]
[C:/Мои Web Сайты/сайт lebenbau/belgorod.lebenbau.ru/wp-json/oembed/1.0/embed6c01]
[C:/Мои Web Сайты/сайт lebenbau/belgorod.lebenbau.ru/wp-json/index.html]
[C:/Мои Web Сайты/сайт lebenbau/belgorod.lebenbau.ru/wp-content/uploads/headerV2/logo.svg]
[C:/Мои Web Сайты/сайт lebenbau/belgorod.lebenbau.ru/favicon.ico]
[C:/Мои Web Сайты/сайт lebenbau/belgorod.lebenbau.ru/county/js/events.js]
[C:/Мои Web Сайты/сайт lebenbau/belgorod.lebenbau.ru/wp-content/themes/lebenbau/js/fancybox3/jquery.fancybox.min.js]
[C:/Мои Web Сайты/сайт lebenbau/belgorod.lebenbau.ru/wp-content/plugins/contact-form-7/includes/js/scripts.js]
[C:/Мои Web Сайты/сайт lebenbau/belgorod.lebenbau.ru/wp-content/uploads/headerV2/logo-mobile.png]
[C:/Мои Web Сайты/сайт lebenbau/belgorod.lebenbau.ru/wp-includes/js/wp-embed.min.js]
[C:/Мои Web Сайты/сайт lebenbau/belgorod.lebenbau.ru/wp-content/themes/lebenbau/parts/catalogcat-items/catalogcat-items-v2.js]
[C:/Мои Web Сайты/сайт lebenbau/belgorod.lebenbau.ru/wp-content/themes/lebenbau/parts/wat-to-needed/wat-to-needed.js]
[C:/Мои Web Сайты/сайт lebenbau/belgorod.lebenbau.ru/wp-content/themes/lebenbau/parts/slider-reviews/slider-reviews.js]
[C:/Мои Web Сайты/сайт lebenbau/belgorod.lebenbau.ru/wp-content/themes/lebenbau/parts/slider-sertificates/sertificates.js]
[C:/Мои Web Сайты/сайт lebenbau/belgorod.lebenbau.ru/index.html]
[C:/Мои Web Сайты/сайт lebenbau/www.googletagmanager.com/gtm5445.html]
[C:/Мои Web Сайты/сайт lebenbau/belgorod.lebenbau.ru/wp-content/themes/lebenbau/fonts/glyphicons-halflings-regular.eot]
[C:/Мои Web Сайты/сайт lebenbau/belgorod.lebenbau.ru/wp-content/themes/lebenbau/img/tryba.png]
[C:/Мои Web Сайты/сайт lebenbau/belgorod.lebenbau.ru/wp-content/uploads/headerV2/burger.png]
[C:/Мои Web Сайты/сайт lebenbau/belgorod.lebenbau.ru/wp-content/uploads/headerV2/tel.png]
[C:/Мои Web Сайты/сайт lebenbau/belgorod.lebenbau.ru/wp-content/uploads/headerV2/x-black.png]
[C:/Мои Web Сайты/сайт lebenbau/belgorod.lebenbau.ru/wp-content/uploads/larr.png]
[C:/Мои Web Сайты/сайт lebenbau/belgorod.lebenbau.ru/wp-content/uploads/lam-window.png]
[C:/Мои Web Сайты/сайт lebenbau/belgorod.lebenbau.ru/wp-content/uploads/rarr.png]
[C:/Мои Web Сайты/сайт lebenbau/belgorod.lebenbau.ru/wp-content/uploads/morewindows.gif]
[C:/Мои Web Сайты/сайт lebenbau/belgorod.lebenbau.ru/wp-content/uploads/arrow-left.png]
[C:/Мои Web Сайты/сайт lebenbau/belgorod.lebenbau.ru/wp-content/uploads/arrow-right.png]
[C:/Мои Web Сайты/сайт lebenbau/belgorod.lebenbau.ru/wp-content/plugins/contact-form-7/images/ajax-loader.gif]
[C:/Мои Web Сайты/сайт lebenbau/belgorod.lebenbau.ru/wp-content/uploads/homeV2/slides/slide3/background.jpg]
[C:/Мои Web Сайты/сайт lebenbau/belgorod.lebenbau.ru/wp-content/uploads/lupa.png]
[C:/Мои Web Сайты/сайт lebenbau/belgorod.lebenbau.ru/wp-content/uploads/bl231.png]
[C:/Мои Web Сайты/сайт lebenbau/belgorod.lebenbau.ru/wp-content/uploads/bl232.png]
[C:/Мои Web Сайты/сайт lebenbau/belgorod.lebenbau.ru/wp-content/uploads/homeV2/i-need-windows/first.png]
[C:/Мои Web Сайты/сайт lebenbau/belgorod.lebenbau.ru/wp-content/uploads/homeV2/i-need-windows/mobile/first.png]
[C:/Мои Web Сайты/сайт lebenbau/belgorod.lebenbau.ru/wp-content/uploads/homeV2/i-need-windows/mobile/arrow.png]
[C:/Мои Web Сайты/сайт lebenbau/belgorod.lebenbau.ru/wp-content/uploads/bl233.png]
[C:/Мои Web Сайты/сайт lebenbau/belgorod.lebenbau.ru/wp-content/uploads/bl234.png]
[C:/Мои Web Сайты/сайт lebenbau/belgorod.lebenbau.ru/wp-content/uploads/homeV2/i-need-windows/second.png]
[C:/Мои Web Сайты/сайт lebenbau/belgorod.lebenbau.ru/wp-content/uploads/homeV2/slides/arrow-left.png]
[C:/Мои Web Сайты/сайт lebenbau/belgorod.lebenbau.ru/wp-content/uploads/homeV2/i-need-windows/mobile/second.png]
[C:/Мои Web Сайты/сайт lebenbau/belgorod.lebenbau.ru/wp-content/uploads/homeV2/i-need-windows/third.png]
[C:/Мои Web Сайты/сайт lebenbau/belgorod.lebenbau.ru/wp-content/uploads/homeV2/slides/arrow-right.png]
[C:/Мои Web Сайты/сайт lebenbau/belgorod.lebenbau.ru/wp-content/uploads/homeV2/i-need-windows/mobile/third.png]
[C:/Мои Web Сайты/сайт lebenbau/belgorod.lebenbau.ru/wp-content/uploads/toggle-y.png]
[C:/Мои Web Сайты/сайт lebenbau/belgorod.lebenbau.ru/wp-content/uploads/homeV2/catalog/icon-cards.png]
[C:/Мои Web Сайты/сайт lebenbau/belgorod.lebenbau.ru/wp-content/uploads/homeV2/catalog/icon-table.png]
[C:/Мои Web Сайты/сайт lebenbau/belgorod.lebenbau.ru/wp-content/uploads/toggle-n.png]
[C:/Мои Web Сайты/сайт lebenbau/belgorod.lebenbau.ru/wp-content/uploads/homeV2/i-want/question-mini-arrow.png]
[C:/Мои Web Сайты/сайт lebenbau/belgorod.lebenbau.ru/wp-content/uploads/homeV2/why-us/virtual-bg.jpg]
[C:/Мои Web Сайты/сайт lebenbau/belgorod.lebenbau.ru/wp-includes/images/notimebg.jpg]
[C:/Мои Web Сайты/сайт lebenbau/belgorod.lebenbau.ru/wp-content/uploads/qq.png]
[C:/Мои Web Сайты/сайт lebenbau/belgorod.lebenbau.ru/wp-content/cache/autoptimize/3/css/autoptimize_a41f529ce1b8cdac53ae0d105da6bda5.css]
[C:/Мои Web Сайты/сайт lebenbau/belgorod.lebenbau.ru/wp-admin/admin-ajax.html]
[C:/Мои Web Сайты/сайт lebenbau/belgorod.lebenbau.ru/wp-content/themes/lebenbau/js/jquery.min.js]
[C:/Мои Web Сайты/сайт lebenbau/belgorod.lebenbau.ru/wp-content/uploads/homeV2/why-us/icons-main-gost.png]
[C:/Мои Web Сайты/сайт lebenbau/belgorod.lebenbau.ru/wp-content/uploads/homeV2/why-us/icons-main-neperekup.png]
[C:/Мои Web Сайты/сайт lebenbau/belgorod.lebenbau.ru/wp-content/uploads/homeV2/why-us/icons-main-guarantee.png]
[C:/Мои Web Сайты/сайт lebenbau/belgorod.lebenbau.ru/wp-content/uploads/homeV2/why-us/icons-main-bezsvinca.png]
[C:/Мои Web Сайты/сайт lebenbau/belgorod.lebenbau.ru/wp-content/uploads/homeV2/why-us/icons-main-netoshibki1.png]
[C:/Мои Web Сайты/сайт lebenbau/belgorod.lebenbau.ru/wp-content/uploads/homeV2/why-us/icons-main-treednya.png]
[C:/Мои Web Сайты/сайт lebenbau/belgorod.lebenbau.ru/wp-content/uploads/homeV2/why-us/360.png]
[C:/Мои Web Сайты/сайт lebenbau/lebenbau.ru/wp-content/uploads/line03.png]
[C:/Мои Web Сайты/сайт lebenbau/belgorod.lebenbau.ru/wp-content/uploads/homeV2/why-us/info.mp4]
[C:/Мои Web Сайты/сайт lebenbau/belgorod.lebenbau.ru/wp-content/uploads/homeV2/why-us/win-awards.png]
[C:/Мои Web Сайты/сайт lebenbau/belgorod.lebenbau.ru/wp-content/uploads/homeV2/why-us/gold-window.png]
[C:/Мои Web Сайты/сайт lebenbau/lebenbau.ru/wp-content/uploads/bl313.jpg]
[C:/Мои Web Сайты/сайт lebenbau/belgorod.lebenbau.ru/confidencial-politica-lebenbau.pdf]
[C:/Мои Web Сайты/сайт lebenbau/belgorod.lebenbau.ru/wp-content/uploads/1401.png]
[C:/Мои Web Сайты/сайт lebenbau/belgorod.lebenbau.ru/wp-content/uploads/line03.png]
[C:/Мои Web Сайты/сайт lebenbau/belgorod.lebenbau.ru/wp-content/uploads/garantii/gar_3.png]
[C:/Мои Web Сайты/сайт lebenbau/belgorod.lebenbau.ru/wp-content/uploads/garantii/gar_1.png]
[C:/Мои Web Сайты/сайт lebenbau/belgorod.lebenbau.ru/wp-content/uploads/garantii/gar_2.png]
[C:/Мои Web Сайты/сайт lebenbau/belgorod.lebenbau.ru/wp-content/uploads/garantii/gar_4.png]
[C:/Мои Web Сайты/сайт lebenbau/lebenbau.ru/wp-content/uploads/bl31.jpg]
[C:/Мои Web Сайты/сайт lebenbau/belgorod.lebenbau.ru/wp-content/uploads/garantii/gar_6.png]
[C:/Мои Web Сайты/сайт lebenbau/belgorod.lebenbau.ru/wp-content/uploads/garantii/gar_8.png]
[C:/Мои Web Сайты/сайт lebenbau/belgorod.lebenbau.ru/wp-content/uploads/garantii/gar_7.png]
[C:/Мои Web Сайты/сайт lebenbau/belgorod.lebenbau.ru/wp-content/uploads/garantii/gar_5.png]
[C:/Мои Web Сайты/сайт lebenbau/belgorod.lebenbau.ru/wp-content/uploads/sites/3/2019/02/001-protokol-ispitaniy-hit-gost-30673-2013-1077-931-prf-2018-pdf.io-001-724x1024.jpg]
[C:/Мои Web Сайты/сайт lebenbau/belgorod.lebenbau.ru/wp-content/uploads/sites/3/2019/02/003-Санитарно-эпидемиологическая-экспеD-001-739x1024.jpg]
[C:/Мои Web Сайты/сайт lebenbau/belgorod.lebenbau.ru/wp-content/uploads/sites/3/2019/02/002-Протокол-испытаний-к-сертификату-пож-001-724x1024.jpg]
[C:/Мои Web Сайты/сайт lebenbau/belgorod.lebenbau.ru/wp-content/uploads/sites/3/2019/02/004-СВИДЕТЕЛЬСТВО-РОССИЙСКАЯ-МАРКА-ЗОЛО-001-717x1024.jpg]
[C:/Мои Web Сайты/сайт lebenbau/belgorod.lebenbau.ru/wp-content/uploads/sites/3/2019/02/005-Сертификат-Proplex-ГОСТ-30673-2013-001-724x1024.jpg]
[C:/Мои Web Сайты/сайт lebenbau/lebenbau.ru/wp-content/uploads/bl315.png]
[C:/Мои Web Сайты/сайт lebenbau/belgorod.lebenbau.ru/wp-content/uploads/sites/3/2019/02/007-Сертификат-соответствия-требованияD-001-724x1024.jpg]
[C:/Мои Web Сайты/сайт lebenbau/belgorod.lebenbau.ru/wp-content/uploads/sites/3/2019/02/006-СЕРТИФИКАТ-СООТВЕТСТВИЯ-ПРОФИЛЕЙ-PROPLEX-HIT-001-716x1024.jpg]
[C:/Мои Web Сайты/сайт lebenbau/belgorod.lebenbau.ru/wp-content/uploads/sites/3/2019/02/008-СЕРТИФИКАТ-СООТВЕТСТВИЯ-ЭКОЛОГИЧЕСD-001-724x1024.jpg]
[C:/Мои Web Сайты/сайт lebenbau/belgorod.lebenbau.ru/wp-content/uploads/homeV2/seo/arrow.png]
[C:/Мои Web Сайты/сайт lebenbau/lebenbau.ru/wp-content/uploads/list02.png]
[C:/Мои Web Сайты/сайт lebenbau/belgorod.lebenbau.ru/wp-content/uploads/footerV2/leaf.jpg]
[C:/Мои Web Сайты/сайт lebenbau/lebenbau.ru/wp-content/uploads/footerV2/logo.png]
[C:/Мои Web Сайты/сайт lebenbau/belgorod.lebenbau.ru/wp-content/uploads/footerV2/pin.png]
[C:/Мои Web Сайты/сайт lebenbau/belgorod.lebenbau.ru/wp-content/uploads/footerV2/cachebox.png]
[C:/Мои Web Сайты/сайт lebenbau/lebenbau.ru/wp-content/uploads/list01.png]
[C:/Мои Web Сайты/сайт lebenbau/belgorod.lebenbau.ru/wp-content/uploads/footerV2/visa.png]
[C:/Мои Web Сайты/сайт lebenbau/belgorod.lebenbau.ru/wp-content/uploads/footerV2/mstr.png]
[C:/Мои Web Сайты/сайт lebenbau/lebenbau.ru/wp-content/uploads/studio01.jpg]
[C:/Мои Web Сайты/сайт lebenbau/belgorod.lebenbau.ru/wp-content/uploads/footerV2/window.png]
[C:/Мои Web Сайты/сайт lebenbau/belgorod.lebenbau.ru/wp-content/uploads/footerV2/steps.png]
[C:/Мои Web Сайты/сайт lebenbau/belgorod.lebenbau.ru/wp-content/uploads/footerV2/about.png]
[C:/Мои Web Сайты/сайт lebenbau/lebenbau.ru/wp-content/uploads/studio02.jpg]
[C:/Мои Web Сайты/сайт lebenbau/lebenbau.ru/wp-content/uploads/studio03.jpg]
[C:/Мои Web Сайты/сайт lebenbau/belgorod.lebenbau.ru/wp-content/uploads/footerV2/mobile/close.png]
[C:/Мои Web Сайты/сайт lebenbau/lebenbau.ru/wp-content/uploads/studio04.jpg]
[C:/Мои Web Сайты/сайт lebenbau/lebenbau.ru/wp-content/uploads/studio05.jpg]
[C:/Мои Web Сайты/сайт lebenbau/www.google.com/recaptcha/apic690.js]
[C:/Мои Web Сайты/сайт lebenbau/www.google-analytics.com/analytics.js]
[C:/Мои Web Сайты/сайт lebenbau/lebenbau.ru/wp-content/uploads/studio06.jpg]
[C:/Мои Web Сайты/сайт lebenbau/lebenbau.ru/wp-content/themes/lebenbau/css/lbb_about5560.css]
[C:/Мои Web Сайты/сайт lebenbau/mc.yandex.ru/metrika/tag.js]
[C:/Мои Web Сайты/сайт lebenbau/belgorod.lebenbau.ru/wp-content/cache/autoptimize/3/css/autoptimize_0c5eed75131a1df9a9d1469bdbc3143a.css]
[C:/Мои Web Сайты/сайт lebenbau/belgorod.lebenbau.ru/wp-json/oembed/1.0/embed2bd0.json]
[C:/Мои Web Сайты/сайт lebenbau/belgorod.lebenbau.ru/wp-json/oembed/1.0/embedd141]
[C:/Мои Web Сайты/сайт lebenbau/belgorod.lebenbau.ru/about/index.html]
[C:/Мои Web Сайты/сайт lebenbau/belgorod.lebenbau.ru/wp-content/cache/autoptimize/3/css/autoptimize_a3aeb0dbdb90d17c69af8c6c9ccadd96.css]
[C:/Мои Web Сайты/сайт lebenbau/belgorod.lebenbau.ru/wp-content/uploads/sites/3/2018/11/more-windows-more-sale.jpg]
[C:/Мои Web Сайты/сайт lebenbau/belgorod.lebenbau.ru/wp-content/uploads/sites/3/2018/03/okna-v-rassrochku.jpg]
[C:/Мои Web Сайты/сайт lebenbau/belgorod.lebenbau.ru/wp-content/uploads/sites/3/2019/06/molodozheni-1.png]
[C:/Мои Web Сайты/сайт lebenbau/belgorod.lebenbau.ru/wp-content/uploads/sites/3/2019/06/imeninniki.png]
[C:/Мои Web Сайты/сайт lebenbau/belgorod.lebenbau.ru/wp-content/uploads/sites/3/2019/06/novoseli.png]
[C:/Мои Web Сайты/сайт lebenbau/belgorod.lebenbau.ru/wp-content/uploads/sites/3/2019/06/zoj.png]
[C:/Мои Web Сайты/сайт lebenbau/belgorod.lebenbau.ru/akciyi/index.html]
[C:/Мои Web Сайты/сайт lebenbau/belgorod.lebenbau.ru/wp-content/cache/autoptimize/3/css/autoptimize_d9aef2788e1d3e7ab358ee3ec7325658.css]
[C:/Мои Web Сайты/сайт lebenbau/belgorod.lebenbau.ru/wp-json/oembed/1.0/embed2dc4.json]
[C:/Мои Web Сайты/сайт lebenbau/belgorod.lebenbau.ru/wp-json/oembed/1.0/embedbdfb]
[C:/Мои Web Сайты/сайт lebenbau/belgorod.lebenbau.ru/wp-content/uploads/2016/09/galka.png]
[C:/Мои Web Сайты/сайт lebenbau/belgorod.lebenbau.ru/reviews/index.html]
[C:/Мои Web Сайты/сайт lebenbau/belgorod.lebenbau.ru/wp-content/cache/autoptimize/3/css/autoptimize_618d65f1f1712dedb82198e33f52df43.css]
[C:/Мои Web Сайты/сайт lebenbau/belgorod.lebenbau.ru/wp-json/oembed/1.0/embed8288.json]
[C:/Мои Web Сайты/сайт lebenbau/belgorod.lebenbau.ru/wp-json/oembed/1.0/embed46f1]
[C:/Мои Web Сайты/сайт lebenbau/belgorod.lebenbau.ru/wp-content/uploads/sites/3/garantii/gar_3.png]
[C:/Мои Web Сайты/сайт lebenbau/belgorod.lebenbau.ru/wp-content/uploads/sites/3/garantii/gar_1.png]
[C:/Мои Web Сайты/сайт lebenbau/belgorod.lebenbau.ru/wp-content/uploads/sites/3/garantii/gar_2.png]
[C:/Мои Web Сайты/сайт lebenbau/belgorod.lebenbau.ru/wp-content/uploads/sites/3/garantii/gar_4.png]
[C:/Мои Web Сайты/сайт lebenbau/belgorod.lebenbau.ru/wp-content/uploads/sites/3/garantii/gar_6.png]
[C:/Мои Web Сайты/сайт lebenbau/belgorod.lebenbau.ru/wp-content/uploads/sites/3/garantii/gar_8.png]
[C:/Мои Web Сайты/сайт lebenbau/belgorod.lebenbau.ru/wp-content/uploads/sites/3/garantii/gar_7.png]
[C:/Мои Web Сайты/сайт lebenbau/belgorod.lebenbau.ru/wp-content/uploads/sites/3/garantii/gar_5.png]
[C:/Мои Web Сайты/сайт lebenbau/belgorod.lebenbau.ru/warranty/index.html]
[C:/Мои Web Сайты/сайт lebenbau/belgorod.lebenbau.ru/wp-content/cache/autoptimize/3/css/autoptimize_7a063ce48d7c29716abbdbab35b5dab8.css]
[C:/Мои Web Сайты/сайт lebenbau/belgorod.lebenbau.ru/wp-json/oembed/1.0/embed82c1.json]
[C:/Мои Web Сайты/сайт lebenbau/belgorod.lebenbau.ru/wp-json/oembed/1.0/embed22dc]
[C:/Мои Web Сайты/сайт lebenbau/belgorod.lebenbau.ru/faq/index.html]
[C:/Мои Web Сайты/сайт lebenbau/belgorod.lebenbau.ru/wp-content/cache/autoptimize/3/css/autoptimize_dbfa23e8c7064706696fc2edd7abec5b.css]
[C:/Мои Web Сайты/сайт lebenbau/belgorod.lebenbau.ru/wp-content/uploads/sites/3/2020/01/10-balkon.jpg]
[C:/Мои Web Сайты/сайт lebenbau/belgorod.lebenbau.ru/wp-content/uploads/sites/3/2020/01/9-montag.png]
[C:/Мои Web Сайты/сайт lebenbau/belgorod.lebenbau.ru/wp-content/uploads/sites/3/2020/01/8-laminacia.jpg]
[C:/Мои Web Сайты/сайт lebenbau/belgorod.lebenbau.ru/statyi/osobennosti-ostekleniya-balkonov-i-lodzhij/index.html]
[C:/Мои Web Сайты/сайт lebenbau/belgorod.lebenbau.ru/statyi/ustanovka-plastikovyh-okon-i-dverej-po-gostu/index.html]
[C:/Мои Web Сайты/сайт lebenbau/belgorod.lebenbau.ru/wp-content/uploads/sites/3/2020/01/7-ventiliacia.jpg]
[C:/Мои Web Сайты/сайт lebenbau/belgorod.lebenbau.ru/wp-content/uploads/sites/3/2020/01/6odnokamernyy_i_dvuhkamernyy_steklopakety.png]
[C:/Мои Web Сайты/сайт lebenbau/belgorod.lebenbau.ru/statyi/laminirovannye-pvh-konstrukcii/index.html]
[C:/Мои Web Сайты/сайт lebenbau/belgorod.lebenbau.ru/statyi/funkciya-klimat-kontrol-v-pvh-okne/index.html]
[C:/Мои Web Сайты/сайт lebenbau/belgorod.lebenbau.ru/wp-content/uploads/sites/3/2020/01/5-gotovyie-plastikovie-okna.jpg]
[C:/Мои Web Сайты/сайт lebenbau/belgorod.lebenbau.ru/statyi/rol-steklopaketa-v-plastikovom-okne/index.html]
[C:/Мои Web Сайты/сайт lebenbau/belgorod.lebenbau.ru/wp-content/uploads/sites/3/2020/01/4-vzlom.jpg]
[C:/Мои Web Сайты/сайт lebenbau/belgorod.lebenbau.ru/wp-content/uploads/sites/3/2020/01/3-svojstva.jpg]
[C:/Мои Web Сайты/сайт lebenbau/belgorod.lebenbau.ru/wp-content/uploads/sites/3/2020/01/2-otkos.jpg]
[C:/Мои Web Сайты/сайт lebenbau/belgorod.lebenbau.ru/statyi/gotovye-plastikovye-okna-i-dveri/index.html]
[C:/Мои Web Сайты/сайт lebenbau/belgorod.lebenbau.ru/wp-content/uploads/sites/3/2020/01/1-tolshina-profil.jpg]
[C:/Мои Web Сайты/сайт lebenbau/belgorod.lebenbau.ru/category/statyi/index.html]
[C:/Мои Web Сайты/сайт lebenbau/belgorod.lebenbau.ru/statyi/sredstva-zashchity-plastikovyh-okon-i-dverej-ot-vzloma/index.html]
[C:/Мои Web Сайты/сайт lebenbau/belgorod.lebenbau.ru/statyi/potrebitelskie-svojstva-okonnyh-konstrukcij-iz-pvh/index.html]
[C:/Мои Web Сайты/сайт lebenbau/belgorod.lebenbau.ru/statyi/kak-oformit-otkosy-pri-ustanovke-okna/index.html]
[C:/Мои Web Сайты/сайт lebenbau/belgorod.lebenbau.ru/statyi/razlichie-okonnyh-konstrukcij-klassov-a-b-c/index.html]
[C:/Мои Web Сайты/сайт lebenbau/belgorod.lebenbau.ru/wp-content/cache/autoptimize/3/css/autoptimize_f2a0fac915a9b2429934770b88e6ee86.css]
[C:/Мои Web Сайты/сайт lebenbau/belgorod.lebenbau.ru/wp-json/oembed/1.0/embedefcb.json]
[C:/Мои Web Сайты/сайт lebenbau/belgorod.lebenbau.ru/wp-json/oembed/1.0/embed55dd]
[C:/Мои Web Сайты/сайт lebenbau/belgorod.lebenbau.ru/wp-content/uploads/firm-pin.png]
[C:/Мои Web Сайты/сайт lebenbau/belgorod.lebenbau.ru/wp-content/uploads/official-pin.png]
[C:/Мои Web Сайты/сайт lebenbau/belgorod.lebenbau.ru/wp-content/uploads/fo.png]
[C:/Мои Web Сайты/сайт lebenbau/belgorod.lebenbau.ru/wp-content/uploads/op.png]
[C:/Мои Web Сайты/сайт lebenbau/belgorod.lebenbau.ru/wp-content/themes/lebenbau/js/scrollbar.js]
[C:/Мои Web Сайты/сайт lebenbau/belgorod.lebenbau.ru/contact/index.html]
[C:/Мои Web Сайты/сайт lebenbau/belgorod.lebenbau.ru/wp-content/uploads/headerV2/logo.svg]
[C:/Мои Web Сайты/сайт lebenbau/belgorod.lebenbau.ru/wp-content/themes/lebenbau/js/lbb_contacts.js]
[C:/Мои Web Сайты/сайт lebenbau/belgorod.lebenbau.ru/wp-content/uploads/headerV2/lebenbau-logo-hor.svg]
[C:/Мои Web Сайты/сайт lebenbau/belgorod.lebenbau.ru/catalog/index.html]
[C:/Мои Web Сайты/сайт lebenbau/belgorod.lebenbau.ru/wp-content/cache/autoptimize/3/css/autoptimize_f3ac7d1b285e3a07a141d7714aaf1aae.css]
[C:/Мои Web Сайты/сайт lebenbau/belgorod.lebenbau.ru/wp-content/cache/autoptimize/3/css/autoptimize_81084b769d3c7efdc7edcdc58a8a729d.css]
[C:/Мои Web Сайты/сайт lebenbau/belgorod.lebenbau.ru/wp-json/oembed/1.0/embed5b88.json]
[C:/Мои Web Сайты/сайт lebenbau/belgorod.lebenbau.ru/wp-json/oembed/1.0/embedeec3]
[C:/Мои Web Сайты/сайт lebenbau/belgorod.lebenbau.ru/wp-content/uploads/sites/3/2017/09/cottages-header.jpg]
[C:/Мои Web Сайты/сайт lebenbau/belgorod.lebenbau.ru/wp-content/uploads/sites/3/2017/09/occ-table-1.png]
[C:/Мои Web Сайты/сайт lebenbau/belgorod.lebenbau.ru/wp-content/uploads/sites/3/2017/09/occ-table-2.png]
[C:/Мои Web Сайты/сайт lebenbau/belgorod.lebenbau.ru/wp-content/uploads/sites/3/2017/09/occ-table-3.png]
[C:/Мои Web Сайты/сайт lebenbau/belgorod.lebenbau.ru/wp-content/uploads/sites/3/2017/09/occ-table-4.png]
[C:/Мои Web Сайты/сайт lebenbau/belgorod.lebenbau.ru/wp-content/uploads/sites/3/2017/09/occ-table-5.png]
[C:/Мои Web Сайты/сайт lebenbau/belgorod.lebenbau.ru/wp-content/uploads/sites/3/2017/09/occ-table-6.png]
[C:/Мои Web Сайты/сайт lebenbau/belgorod.lebenbau.ru/wp-content/uploads/sites/3/2017/09/occ-table-7.png]
[C:/Мои Web Сайты/сайт lebenbau/belgorod.lebenbau.ru/wp-content/uploads/sites/3/2017/09/occ-table-8.png]
[C:/Мои Web Сайты/сайт lebenbau/belgorod.lebenbau.ru/wp-content/uploads/sites/3/2017/09/thermalteplo.png]
[C:/Мои Web Сайты/сайт lebenbau/belgorod.lebenbau.ru/wp-content/uploads/sites/3/2017/09/thermalorig.png]
[C:/Мои Web Сайты/сайт lebenbau/belgorod.lebenbau.ru/wp-content/uploads/sites/3/2017/09/c-yes.png]
[C:/Мои Web Сайты/сайт lebenbau/belgorod.lebenbau.ru/wp-content/uploads/sites/3/2017/09/c-no.png]
[C:/Мои Web Сайты/сайт lebenbau/belgorod.lebenbau.ru/wp-content/uploads/sites/3/2017/09/с-features1.png]
[C:/Мои Web Сайты/сайт lebenbau/belgorod.lebenbau.ru/wp-content/uploads/sites/3/2017/09/с-features2.png]
[C:/Мои Web Сайты/сайт lebenbau/belgorod.lebenbau.ru/wp-content/uploads/sites/3/2017/09/с-features3.png]
[C:/Мои Web Сайты/сайт lebenbau/belgorod.lebenbau.ru/wp-content/uploads/sites/3/2017/09/с-features4.png]
[C:/Мои Web Сайты/сайт lebenbau/belgorod.lebenbau.ru/wp-content/uploads/sites/3/2017/09/c-etap1.png]
[C:/Мои Web Сайты/сайт lebenbau/belgorod.lebenbau.ru/wp-content/uploads/sites/3/2017/09/c-etap2.png]
[C:/Мои Web Сайты/сайт lebenbau/belgorod.lebenbau.ru/wp-content/uploads/sites/3/2017/09/c-etap3.png]
[C:/Мои Web Сайты/сайт lebenbau/belgorod.lebenbau.ru/wp-content/uploads/sites/3/2017/09/c-etap4.png]
[C:/Мои Web Сайты/сайт lebenbau/belgorod.lebenbau.ru/wp-content/uploads/sites/3/2017/09/c-etap5.png]
[C:/Мои Web Сайты/сайт lebenbau/belgorod.lebenbau.ru/wp-content/uploads/sites/3/2019/12/belgorod_lebenbau_01.jpg]
[C:/Мои Web Сайты/сайт lebenbau/belgorod.lebenbau.ru/wp-content/uploads/sites/3/2019/12/belgorod_lebenbau_01-300x225.jpg]
[C:/Мои Web Сайты/сайт lebenbau/belgorod.lebenbau.ru/wp-content/uploads/sites/3/2019/12/belgorod_lebenbau_02.jpg]
[C:/Мои Web Сайты/сайт lebenbau/belgorod.lebenbau.ru/wp-content/uploads/sites/3/2019/12/belgorod_lebenbau_02-300x225.jpg]
[C:/Мои Web Сайты/сайт lebenbau/belgorod.lebenbau.ru/wp-content/uploads/sites/3/2019/12/belgorod_lebenbau_08.jpg]
[C:/Мои Web Сайты/сайт lebenbau/belgorod.lebenbau.ru/wp-content/uploads/sites/3/2019/12/belgorod_lebenbau_08-300x225.jpg]
[C:/Мои Web Сайты/сайт lebenbau/belgorod.lebenbau.ru/cottages/index.html]
[C:/Мои Web Сайты/сайт lebenbau/belgorod.lebenbau.ru/wp-content/themes/lebenbau/parts/catalogcat-items/catalogcat-items.js]
[C:/Мои Web Сайты/сайт lebenbau/belgorod.lebenbau.ru/wp-json/oembed/1.0/embed1fe7.json]
[C:/Мои Web Сайты/сайт lebenbau/belgorod.lebenbau.ru/wp-json/oembed/1.0/embeda242]
[C:/Мои Web Сайты/сайт lebenbau/belgorod.lebenbau.ru/wp-content/uploads/sites/3/2017/12/firts-frame-tamplate.jpg]
[C:/Мои Web Сайты/сайт lebenbau/belgorod.lebenbau.ru/wp-content/uploads/sites/3/2017/12/zhil.png]
[C:/Мои Web Сайты/сайт lebenbau/belgorod.lebenbau.ru/wp-content/uploads/sites/3/2017/12/Vector-Smart-Object5.png]
[C:/Мои Web Сайты/сайт lebenbau/belgorod.lebenbau.ru/wp-content/uploads/sites/3/2017/12/Vector-Smart-Object3.png]
[C:/Мои Web Сайты/сайт lebenbau/belgorod.lebenbau.ru/wp-content/uploads/sites/3/2017/12/Vector-Smart-Object.png]
[C:/Мои Web Сайты/сайт lebenbau/belgorod.lebenbau.ru/wp-content/uploads/sites/3/2017/12/nezhil.png]
[C:/Мои Web Сайты/сайт lebenbau/belgorod.lebenbau.ru/wp-content/uploads/sites/3/2017/12/Vector-Smart-Object-1-1.png]
[C:/Мои Web Сайты/сайт lebenbau/belgorod.lebenbau.ru/wp-content/uploads/sites/3/2017/12/Vector-Smart-Object2.png]
[C:/Мои Web Сайты/сайт lebenbau/belgorod.lebenbau.ru/wp-content/uploads/sites/3/2017/12/Vector-Smart-Object-1.png]
[C:/Мои Web Сайты/сайт lebenbau/belgorod.lebenbau.ru/wp-content/uploads/sites/3/2017/12/tgrtfrf.png]
[C:/Мои Web Сайты/сайт lebenbau/belgorod.lebenbau.ru/wp-content/uploads/sites/3/2019/12/belgorod_lebenbau_03.jpg]
[C:/Мои Web Сайты/сайт lebenbau/belgorod.lebenbau.ru/wp-content/uploads/sites/3/2019/12/belgorod_lebenbau_03-300x225.jpg]
[C:/Мои Web Сайты/сайт lebenbau/belgorod.lebenbau.ru/wp-content/uploads/sites/3/2019/12/belgorod_lebenbau_04.jpg]
[C:/Мои Web Сайты/сайт lebenbau/belgorod.lebenbau.ru/wp-content/uploads/sites/3/2019/12/belgorod_lebenbau_04-300x225.jpg]
[C:/Мои Web Сайты/сайт lebenbau/belgorod.lebenbau.ru/wp-content/uploads/sites/3/2019/12/belgorod_lebenbau_07.jpg]
[C:/Мои Web Сайты/сайт lebenbau/belgorod.lebenbau.ru/wp-content/uploads/sites/3/2019/12/belgorod_lebenbau_07-300x225.jpg]
[C:/Мои Web Сайты/сайт lebenbau/belgorod.lebenbau.ru/oknavkvartiru/index.html]
[C:/Мои Web Сайты/сайт lebenbau/belgorod.lebenbau.ru/wp-content/cache/autoptimize/3/css/autoptimize_db4d3d89710d9ed537d4ef09355ea1fd.css]
[C:/Мои Web Сайты/сайт lebenbau/belgorod.lebenbau.ru/wp-json/oembed/1.0/embed6d39.json]
[C:/Мои Web Сайты/сайт lebenbau/belgorod.lebenbau.ru/wp-json/oembed/1.0/embede268]
[C:/Мои Web Сайты/сайт lebenbau/belgorod.lebenbau.ru/wp-content/uploads/sites/3/2018/03/balkonsbg.jpg]
[C:/Мои Web Сайты/сайт lebenbau/belgorod.lebenbau.ru/wp-content/uploads/oclm-rowtext_el1.png]
[C:/Мои Web Сайты/сайт lebenbau/belgorod.lebenbau.ru/wp-content/uploads/oclm-rowtext_el2.png]
[C:/Мои Web Сайты/сайт lebenbau/belgorod.lebenbau.ru/wp-content/uploads/sites/3/2018/03/oclm-img.jpg]
[C:/Мои Web Сайты/сайт lebenbau/belgorod.lebenbau.ru/wp-content/uploads/sites/3/2018/03/balk-al.jpg]
[C:/Мои Web Сайты/сайт lebenbau/belgorod.lebenbau.ru/wp-content/uploads/sites/3/2018/03/balk-al-hov.jpg]
[C:/Мои Web Сайты/сайт lebenbau/belgorod.lebenbau.ru/wp-content/uploads/sites/3/2018/03/balk-pvh.jpg]
[C:/Мои Web Сайты/сайт lebenbau/belgorod.lebenbau.ru/wp-content/uploads/sites/3/2018/03/balk-pvh-hov.jpg]
[C:/Мои Web Сайты/сайт lebenbau/belgorod.lebenbau.ru/wp-content/uploads/sites/3/2018/03/balk-tep-pvh.jpg]
[C:/Мои Web Сайты/сайт lebenbau/belgorod.lebenbau.ru/wp-content/uploads/sites/3/2018/03/balk-tep-pvh-hov.jpg]
[C:/Мои Web Сайты/сайт lebenbau/belgorod.lebenbau.ru/wp-content/uploads/sites/3/2018/03/varsimg1.png]
[C:/Мои Web Сайты/сайт lebenbau/belgorod.lebenbau.ru/wp-content/uploads/sites/3/2018/03/varsimg2.png]
[C:/Мои Web Сайты/сайт lebenbau/belgorod.lebenbau.ru/wp-content/uploads/sites/3/2018/03/varsimg3.png]
[C:/Мои Web Сайты/сайт lebenbau/belgorod.lebenbau.ru/wp-content/uploads/sites/3/2018/03/varsimg4.png]
[C:/Мои Web Сайты/сайт lebenbau/belgorod.lebenbau.ru/wp-content/uploads/sites/3/2018/03/varsasidebg.jpg]
[C:/Мои Web Сайты/сайт lebenbau/belgorod.lebenbau.ru/wp-content/uploads/sites/3/2019/12/belgorod_lebenbau_05.jpg]
[C:/Мои Web Сайты/сайт lebenbau/belgorod.lebenbau.ru/wp-content/uploads/sites/3/2019/12/belgorod_lebenbau_05-225x300.jpg]
[C:/Мои Web Сайты/сайт lebenbau/belgorod.lebenbau.ru/wp-content/uploads/sites/3/2019/12/belgorod_lebenbau_06.jpg]
[C:/Мои Web Сайты/сайт lebenbau/belgorod.lebenbau.ru/wp-content/uploads/sites/3/2019/12/belgorod_lebenbau_06-300x225.jpg]
[C:/Мои Web Сайты/сайт lebenbau/belgorod.lebenbau.ru/wp-content/uploads/sites/3/2019/12/belgorod_lebenbau_09.jpg]
[C:/Мои Web Сайты/сайт lebenbau/belgorod.lebenbau.ru/wp-content/uploads/sites/3/2019/12/belgorod_lebenbau_09-300x225.jpg]
[C:/Мои Web Сайты/сайт lebenbau/belgorod.lebenbau.ru/wp-content/uploads/f-kvartir.jpg]
[C:/Мои Web Сайты/сайт lebenbau/belgorod.lebenbau.ru/wp-content/uploads/f-cottage.jpg]
[C:/Мои Web Сайты/сайт lebenbau/belgorod.lebenbau.ru/balkons/index.html]
[C:/Мои Web Сайты/сайт lebenbau/belgorod.lebenbau.ru/wp-content/cache/autoptimize/3/css/autoptimize_dcf0dd1801225956da282f14658b8a5f.css]
[C:/Мои Web Сайты/сайт lebenbau/belgorod.lebenbau.ru/wp-json/oembed/1.0/embeda387.json]
[C:/Мои Web Сайты/сайт lebenbau/belgorod.lebenbau.ru/wp-json/oembed/1.0/embed3560]
[C:/Мои Web Сайты/сайт lebenbau/belgorod.lebenbau.ru/wp-content/uploads/home-v.jpg]
[C:/Мои Web Сайты/сайт lebenbau/belgorod.lebenbau.ru/wp-content/uploads/sites/3/2017/04/lami.mp4]
[C:/Мои Web Сайты/сайт lebenbau/belgorod.lebenbau.ru/wp-content/themes/lebenbau/js/lbb_laminate.js]
[C:/Мои Web Сайты/сайт lebenbau/belgorod.lebenbau.ru/laminacia/index.html]
[C:/Мои Web Сайты/сайт lebenbau/belgorod.lebenbau.ru/statyi/index.html]
[C:/Мои Web Сайты/сайт lebenbau/belgorod.lebenbau.ru/wp-content/themes/lebenbau/parts/slider-inner-works/slider-inner-works.js]
[C:/Мои Web Сайты/сайт lebenbau/belgorod.lebenbau.ru/wp-content/cache/autoptimize/3/css/autoptimize_1e97441d88ecd56dbd35f52a0bf4a13c.css]
[C:/Мои Web Сайты/сайт lebenbau/belgorod.lebenbau.ru/wp-json/oembed/1.0/embed9824.json]
[C:/Мои Web Сайты/сайт lebenbau/belgorod.lebenbau.ru/wp-json/oembed/1.0/embedd876]
[C:/Мои Web Сайты/сайт lebenbau/belgorod.lebenbau.ru/wp-content/uploads/sites/3/2015/06/manager-2.png]
[C:/Мои Web Сайты/сайт lebenbau/belgorod.lebenbau.ru/wp-content/uploads/bl151.jpg]
[C:/Мои Web Сайты/сайт lebenbau/belgorod.lebenbau.ru/wp-content/uploads/bl152.jpg]
[C:/Мои Web Сайты/сайт lebenbau/belgorod.lebenbau.ru/zakaz/index.html]
[C:/Мои Web Сайты/сайт lebenbau/belgorod.lebenbau.ru/wp-content/cache/autoptimize/3/css/autoptimize_c9e1337527f1a14e9ade107359c50f92.css]
[C:/Мои Web Сайты/сайт lebenbau/belgorod.lebenbau.ru/wp-json/oembed/1.0/embed7e1d.json]
[C:/Мои Web Сайты/сайт lebenbau/belgorod.lebenbau.ru/wp-json/oembed/1.0/embedd49e]
[C:/Мои Web Сайты/сайт lebenbau/belgorod.lebenbau.ru/wp-content/uploads/sites/3/2015/06/measure.png]
[C:/Мои Web Сайты/сайт lebenbau/belgorod.lebenbau.ru/wp-content/uploads/bl155.jpg]
[C:/Мои Web Сайты/сайт lebenbau/belgorod.lebenbau.ru/metering/index.html]
[C:/Мои Web Сайты/сайт lebenbau/belgorod.lebenbau.ru/wp-content/cache/autoptimize/3/css/autoptimize_86cfc62b94172a41d5911d1f1a2ffcfd.css]
[C:/Мои Web Сайты/сайт lebenbau/belgorod.lebenbau.ru/wp-json/oembed/1.0/embed50b1.json]
[C:/Мои Web Сайты/сайт lebenbau/belgorod.lebenbau.ru/wp-json/oembed/1.0/embed108b]
[C:/Мои Web Сайты/сайт lebenbau/belgorod.lebenbau.ru/wp-content/uploads/sites/3/2015/06/manager.png]
[C:/Мои Web Сайты/сайт lebenbau/belgorod.lebenbau.ru/wp-content/uploads/1701.png]
[C:/Мои Web Сайты/сайт lebenbau/belgorod.lebenbau.ru/wp-content/uploads/1702.png]
[C:/Мои Web Сайты/сайт lebenbau/belgorod.lebenbau.ru/wp-content/uploads/1703.png]
[C:/Мои Web Сайты/сайт lebenbau/belgorod.lebenbau.ru/wp-content/uploads/bl153.jpg]
[C:/Мои Web Сайты/сайт lebenbau/belgorod.lebenbau.ru/pay/index.html]
[C:/Мои Web Сайты/сайт lebenbau/belgorod.lebenbau.ru/wp-content/cache/autoptimize/3/css/autoptimize_907bc3a3fba3e8c5477b7549201c6825.css]
[C:/Мои Web Сайты/сайт lebenbau/belgorod.lebenbau.ru/wp-json/oembed/1.0/embed86df.json]
[C:/Мои Web Сайты/сайт lebenbau/belgorod.lebenbau.ru/wp-json/oembed/1.0/embed2ae0]
[C:/Мои Web Сайты/сайт lebenbau/belgorod.lebenbau.ru/wp-content/uploads/sites/3/2015/06/proizvodstvo.jpg]
[C:/Мои Web Сайты/сайт lebenbau/belgorod.lebenbau.ru/wp-content/uploads/home-v1.webm]
[C:/Мои Web Сайты/сайт lebenbau/belgorod.lebenbau.ru/wp-content/uploads/home-v1.mp4]
[C:/Мои Web Сайты/сайт lebenbau/belgorod.lebenbau.ru/virtualtour.html]
[C:/Мои Web Сайты/сайт lebenbau/lebenbau.ru/wp-content/uploads/2015/07/p28-1024x507.jpg]
[C:/Мои Web Сайты/сайт lebenbau/lebenbau.ru/wp-content/uploads/2015/07/p25-1024x507.jpg]
[C:/Мои Web Сайты/сайт lebenbau/lebenbau.ru/wp-content/uploads/2015/07/p24-1024x507.jpg]
[C:/Мои Web Сайты/сайт lebenbau/lebenbau.ru/wp-content/uploads/2015/07/p23-1024x507.jpg]
[C:/Мои Web Сайты/сайт lebenbau/lebenbau.ru/wp-content/uploads/2015/07/p22-1024x507.jpg]
[C:/Мои Web Сайты/сайт lebenbau/lebenbau.ru/wp-content/uploads/2015/07/p21-1024x507.jpg]
[C:/Мои Web Сайты/сайт lebenbau/lebenbau.ru/wp-content/uploads/2015/07/p20-1024x507.jpg]
[C:/Мои Web Сайты/сайт lebenbau/lebenbau.ru/wp-content/uploads/2015/07/p19-1024x507.jpg]
[C:/Мои Web Сайты/сайт lebenbau/lebenbau.ru/wp-content/uploads/2015/07/p18-1024x507.jpg]
[C:/Мои Web Сайты/сайт lebenbau/lebenbau.ru/wp-content/uploads/2015/07/p16-1024x507.jpg]
[C:/Мои Web Сайты/сайт lebenbau/lebenbau.ru/wp-content/uploads/2015/07/p15-1024x507.jpg]
[C:/Мои Web Сайты/сайт lebenbau/lebenbau.ru/wp-content/uploads/2015/07/p14-1024x507.jpg]
[C:/Мои Web Сайты/сайт lebenbau/lebenbau.ru/wp-content/uploads/2015/07/p13-1024x507.jpg]
[C:/Мои Web Сайты/сайт lebenbau/lebenbau.ru/wp-content/uploads/2015/07/p12-1024x507.jpg]
[C:/Мои Web Сайты/сайт lebenbau/lebenbau.ru/wp-content/uploads/2015/07/p11-1024x507.jpg]
[C:/Мои Web Сайты/сайт lebenbau/lebenbau.ru/wp-content/uploads/2015/07/p10-1024x507.jpg]
[C:/Мои Web Сайты/сайт lebenbau/lebenbau.ru/wp-content/uploads/2015/07/p09-1024x507.jpg]
[C:/Мои Web Сайты/сайт lebenbau/lebenbau.ru/wp-content/uploads/2015/07/p08-1024x507.jpg]
[C:/Мои Web Сайты/сайт lebenbau/lebenbau.ru/wp-content/uploads/2015/07/p07-1024x507.jpg]
[C:/Мои Web Сайты/сайт lebenbau/lebenbau.ru/wp-content/uploads/2015/07/p06-1024x507.jpg]
[C:/Мои Web Сайты/сайт lebenbau/lebenbau.ru/wp-content/uploads/2015/07/p05-1024x507.jpg]
[C:/Мои Web Сайты/сайт lebenbau/lebenbau.ru/wp-content/uploads/2015/07/p04-1024x507.jpg]
[C:/Мои Web Сайты/сайт lebenbau/lebenbau.ru/wp-content/uploads/2015/07/p03-1024x507.jpg]
[C:/Мои Web Сайты/сайт lebenbau/lebenbau.ru/wp-content/uploads/2015/07/p02-1024x507.jpg]
[C:/Мои Web Сайты/сайт lebenbau/lebenbau.ru/wp-content/uploads/2015/07/p01-1024x507.jpg]
[C:/Мои Web Сайты/сайт lebenbau/belgorod.lebenbau.ru/wp-content/themes/lebenbau/js/fotorama.js]
[C:/Мои Web Сайты/сайт lebenbau/belgorod.lebenbau.ru/proizvodstvo/index.html]
[C:/Мои Web Сайты/сайт lebenbau/belgorod.lebenbau.ru/wp-content/cache/autoptimize/3/css/autoptimize_3c4f5be1bfa5cae423a6d7a4554dee43.css]
[C:/Мои Web Сайты/сайт lebenbau/belgorod.lebenbau.ru/wp-json/oembed/1.0/embed7848.json]
[C:/Мои Web Сайты/сайт lebenbau/belgorod.lebenbau.ru/wp-json/oembed/1.0/embed5356]
[C:/Мои Web Сайты/сайт lebenbau/belgorod.lebenbau.ru/wp-content/uploads/sites/3/2015/06/delivery.png]
[C:/Мои Web Сайты/сайт lebenbau/belgorod.lebenbau.ru/wp-content/uploads/2601.png]
[C:/Мои Web Сайты/сайт lebenbau/belgorod.lebenbau.ru/wp-content/uploads/2602.png]
[C:/Мои Web Сайты/сайт lebenbau/belgorod.lebenbau.ru/wp-content/uploads/2603.png]
[C:/Мои Web Сайты/сайт lebenbau/belgorod.lebenbau.ru/wp-content/uploads/bl156.jpg]
[C:/Мои Web Сайты/сайт lebenbau/belgorod.lebenbau.ru/delivery/index.html]
[C:/Мои Web Сайты/сайт lebenbau/belgorod.lebenbau.ru/wp-content/cache/autoptimize/3/css/autoptimize_d3205c026231cb839ff6ec9bf881f2ef.css]
[C:/Мои Web Сайты/сайт lebenbau/belgorod.lebenbau.ru/wp-json/oembed/1.0/embedeca7.json]
[C:/Мои Web Сайты/сайт lebenbau/belgorod.lebenbau.ru/wp-json/oembed/1.0/embed3ddd]
[C:/Мои Web Сайты/сайт lebenbau/belgorod.lebenbau.ru/wp-content/uploads/sites/3/2017/07/Untitled-1.png]
[C:/Мои Web Сайты/сайт lebenbau/belgorod.lebenbau.ru/wp-content/uploads/bl154.jpg]
[C:/Мои Web Сайты/сайт lebenbau/belgorod.lebenbau.ru/wp-content/uploads/bl157.jpg]
[C:/Мои Web Сайты/сайт lebenbau/belgorod.lebenbau.ru/ustanovka/index.html]
[C:/Мои Web Сайты/сайт lebenbau/belgorod.lebenbau.ru/wp-content/cache/autoptimize/3/css/autoptimize_bbd93d01733e7bf7e92f9978fc1a7623.css]
[C:/Мои Web Сайты/сайт lebenbau/belgorod.lebenbau.ru/wp-json/oembed/1.0/embed3da2.json]
[C:/Мои Web Сайты/сайт lebenbau/belgorod.lebenbau.ru/wp-json/oembed/1.0/embede02b]
[C:/Мои Web Сайты/сайт lebenbau/belgorod.lebenbau.ru/wp-includes/images/vs_def_slide.png]
[C:/Мои Web Сайты/сайт lebenbau/belgorod.lebenbau.ru/wp-includes/images/dek_ras_01.jpg]
[C:/Мои Web Сайты/сайт lebenbau/belgorod.lebenbau.ru/wp-includes/images/furnitura_00.jpg]
[C:/Мои Web Сайты/сайт lebenbau/belgorod.lebenbau.ru/decor/index.html]
[C:/Мои Web Сайты/сайт lebenbau/belgorod.lebenbau.ru/wp-content/cache/autoptimize/3/css/autoptimize_a4e351210dfc577dc9e11ab8f96e83bb.css]
[C:/Мои Web Сайты/сайт lebenbau/belgorod.lebenbau.ru/wp-json/oembed/1.0/embeda111.json]
[C:/Мои Web Сайты/сайт lebenbau/belgorod.lebenbau.ru/wp-json/oembed/1.0/embedc324]
[C:/Мои Web Сайты/сайт lebenbau/belgorod.lebenbau.ru/akciyi/more_windows_more_discount/index.html]
[C:/Мои Web Сайты/сайт lebenbau/belgorod.lebenbau.ru/wp-content/cache/autoptimize/3/css/autoptimize_7747635f34dedbb51078f12e3c83aea5.css]
[C:/Мои Web Сайты/сайт lebenbau/belgorod.lebenbau.ru/wp-json/oembed/1.0/embed3637.json]
[C:/Мои Web Сайты/сайт lebenbau/belgorod.lebenbau.ru/wp-json/oembed/1.0/embedc186]
[C:/Мои Web Сайты/сайт lebenbau/belgorod.lebenbau.ru/wp-content/uploads/rassrochkabg.jpg]
[C:/Мои Web Сайты/сайт lebenbau/belgorod.lebenbau.ru/wp-content/uploads/dosrochnoe.png]
[C:/Мои Web Сайты/сайт lebenbau/belgorod.lebenbau.ru/wp-content/uploads/tinkoff.png]
[C:/Мои Web Сайты/сайт lebenbau/belgorod.lebenbau.ru/wp-content/uploads/pr-rass1.png]
[C:/Мои Web Сайты/сайт lebenbau/belgorod.lebenbau.ru/wp-content/uploads/pr-rass2.png]
[C:/Мои Web Сайты/сайт lebenbau/belgorod.lebenbau.ru/wp-content/uploads/pr-rass3.png]
[C:/Мои Web Сайты/сайт lebenbau/belgorod.lebenbau.ru/wp-content/uploads/docs1.png]
[C:/Мои Web Сайты/сайт lebenbau/belgorod.lebenbau.ru/wp-content/uploads/docs2.png]
[C:/Мои Web Сайты/сайт lebenbau/belgorod.lebenbau.ru/wp-content/uploads/docs3.png]
[C:/Мои Web Сайты/сайт lebenbau/belgorod.lebenbau.ru/wp-content/uploads/docs4.png]
[C:/Мои Web Сайты/сайт lebenbau/belgorod.lebenbau.ru/wp-content/uploads/rassr1.png]
[C:/Мои Web Сайты/сайт lebenbau/belgorod.lebenbau.ru/wp-content/uploads/rassrarrow.png]
[C:/Мои Web Сайты/сайт lebenbau/belgorod.lebenbau.ru/wp-content/uploads/rassr2.png]
[C:/Мои Web Сайты/сайт lebenbau/belgorod.lebenbau.ru/wp-content/uploads/rassr3.png]
[C:/Мои Web Сайты/сайт lebenbau/belgorod.lebenbau.ru/wp-content/uploads/rassr4.png]
[C:/Мои Web Сайты/сайт lebenbau/belgorod.lebenbau.ru/wp-content/uploads/rassrochkafooter.jpg]
[C:/Мои Web Сайты/сайт lebenbau/belgorod.lebenbau.ru/wp-content/themes/lebenbau/js/lbb_calc.js]
[C:/Мои Web Сайты/сайт lebenbau/belgorod.lebenbau.ru/akciyi/okna_v_rassrochku/index.html]
[C:/Мои Web Сайты/сайт lebenbau/belgorod.lebenbau.ru/wp-content/themes/lebenbau/js/lbb_cat3_rassrochka.js]
[C:/Мои Web Сайты/сайт lebenbau/belgorod.lebenbau.ru/wp-content/cache/autoptimize/3/css/autoptimize_a504ee260c10ca16e2ddb77167471f05.css]
[C:/Мои Web Сайты/сайт lebenbau/belgorod.lebenbau.ru/wp-json/oembed/1.0/embed8461.json]
[C:/Мои Web Сайты/сайт lebenbau/belgorod.lebenbau.ru/wp-json/oembed/1.0/embed9bc8]
[C:/Мои Web Сайты/сайт lebenbau/belgorod.lebenbau.ru/wp-content/uploads/sites/3/2018/11/card-simple.jpg]
[C:/Мои Web Сайты/сайт lebenbau/belgorod.lebenbau.ru/wp-content/uploads/calc2-simple.png]
[C:/Мои Web Сайты/сайт lebenbau/belgorod.lebenbau.ru/wp-content/uploads/profile-calc-simple.png]
[C:/Мои Web Сайты/сайт lebenbau/belgorod.lebenbau.ru/wp-content/uploads/paket-calc-simple.png]
[C:/Мои Web Сайты/сайт lebenbau/belgorod.lebenbau.ru/wp-content/uploads/proplex-furn2.png]
[C:/Мои Web Сайты/сайт lebenbau/belgorod.lebenbau.ru/wp-content/uploads/proplex-furn1.png]
[C:/Мои Web Сайты/сайт lebenbau/belgorod.lebenbau.ru/wp-content/uploads/calc-antizhara2.png]
[C:/Мои Web Сайты/сайт lebenbau/belgorod.lebenbau.ru/wp-content/uploads/calc-antiholod2.png]
[C:/Мои Web Сайты/сайт lebenbau/belgorod.lebenbau.ru/wp-content/uploads/calc-antizhara-гultra.png]
[C:/Мои Web Сайты/сайт lebenbau/belgorod.lebenbau.ru/wp-content/uploads/calc-antiholod-гultra.png]
[C:/Мои Web Сайты/сайт lebenbau/belgorod.lebenbau.ru/wp-content/uploads/calc-argon2.png]
[C:/Мои Web Сайты/сайт lebenbau/belgorod.lebenbau.ru/wp-content/uploads/calc-anticondensat2.png]
[C:/Мои Web Сайты/сайт lebenbau/belgorod.lebenbau.ru/wp-content/uploads/calc-zapiranie.png]
[C:/Мои Web Сайты/сайт lebenbau/belgorod.lebenbau.ru/wp-content/uploads/calc-antivzlom.png]
[C:/Мои Web Сайты/сайт lebenbau/belgorod.lebenbau.ru/wp-content/uploads/calc2-provetrivanie.png]
[C:/Мои Web Сайты/сайт lebenbau/belgorod.lebenbau.ru/wp-content/uploads/calc-internika.png]
[C:/Мои Web Сайты/сайт lebenbau/belgorod.lebenbau.ru/wp-content/uploads/calc-hoppe.png]
[C:/Мои Web Сайты/сайт lebenbau/belgorod.lebenbau.ru/wp-content/uploads/calc-rato.png]
[C:/Мои Web Сайты/сайт lebenbau/belgorod.lebenbau.ru/wp-content/uploads/prof.png]
[C:/Мои Web Сайты/сайт lebenbau/belgorod.lebenbau.ru/wp-content/uploads/glas.png]
[C:/Мои Web Сайты/сайт lebenbau/belgorod.lebenbau.ru/wp-content/uploads/furn.png]
[C:/Мои Web Сайты/сайт lebenbau/belgorod.lebenbau.ru/wp-content/uploads/width1.png]
[C:/Мои Web Сайты/сайт lebenbau/belgorod.lebenbau.ru/wp-content/uploads/resistance1.png]
[C:/Мои Web Сайты/сайт lebenbau/belgorod.lebenbau.ru/wp-content/uploads/3-cells.png]
[C:/Мои Web Сайты/сайт lebenbau/belgorod.lebenbau.ru/wp-content/uploads/ecology.png]
[C:/Мои Web Сайты/сайт lebenbau/belgorod.lebenbau.ru/wp-content/uploads/40y.png]
[C:/Мои Web Сайты/сайт lebenbau/belgorod.lebenbau.ru/wp-content/uploads/glazing-1c.png]
[C:/Мои Web Сайты/сайт lebenbau/belgorod.lebenbau.ru/wp-content/uploads/calc-icons_antiholod.svg]
[C:/Мои Web Сайты/сайт lebenbau/belgorod.lebenbau.ru/wp-content/uploads/add.png]
[C:/Мои Web Сайты/сайт lebenbau/belgorod.lebenbau.ru/wp-content/uploads/calc-icons_stopholod-ultra.svg]
[C:/Мои Web Сайты/сайт lebenbau/belgorod.lebenbau.ru/wp-content/uploads/calc-icons_antizhara.svg]
[C:/Мои Web Сайты/сайт lebenbau/belgorod.lebenbau.ru/wp-content/uploads/calc-icons_anticondensat.svg]
[C:/Мои Web Сайты/сайт lebenbau/belgorod.lebenbau.ru/wp-content/uploads/calc-icons_antizhara-ultra.svg]
[C:/Мои Web Сайты/сайт lebenbau/belgorod.lebenbau.ru/wp-content/uploads/calc-icons_argon.svg]
[C:/Мои Web Сайты/сайт lebenbau/belgorod.lebenbau.ru/wp-content/uploads/fittings-advImg5.png]
[C:/Мои Web Сайты/сайт lebenbau/belgorod.lebenbau.ru/wp-content/uploads/fittings-advImg2.png]
[C:/Мои Web Сайты/сайт lebenbau/belgorod.lebenbau.ru/wp-content/uploads/calc-icons_handle-hoppe.svg]
[C:/Мои Web Сайты/сайт lebenbau/belgorod.lebenbau.ru/wp-content/uploads/calc-icons_zashita.svg]
[C:/Мои Web Сайты/сайт lebenbau/belgorod.lebenbau.ru/wp-content/uploads/calc-icons_produv.svg]
[C:/Мои Web Сайты/сайт lebenbau/belgorod.lebenbau.ru/wp-content/uploads/calc-icons_provetr.svg]
[C:/Мои Web Сайты/сайт lebenbau/belgorod.lebenbau.ru/wp-content/uploads/furn-aus.png]
[C:/Мои Web Сайты/сайт lebenbau/belgorod.lebenbau.ru/wp-content/uploads/calc-icons_handle-roto.svg]
[C:/Мои Web Сайты/сайт lebenbau/belgorod.lebenbau.ru/wp-content/uploads/roulette.png]
[C:/Мои Web Сайты/сайт lebenbau/belgorod.lebenbau.ru/wp-content/uploads/window-type-1.png]
[C:/Мои Web Сайты/сайт lebenbau/belgorod.lebenbau.ru/wp-content/uploads/window-type-2.png]
[C:/Мои Web Сайты/сайт lebenbau/belgorod.lebenbau.ru/wp-content/uploads/window-type-3.png]
[C:/Мои Web Сайты/сайт lebenbau/belgorod.lebenbau.ru/wp-content/uploads/window-type-4.png]
[C:/Мои Web Сайты/сайт lebenbau/belgorod.lebenbau.ru/wp-content/uploads/window-type-5.png]
[C:/Мои Web Сайты/сайт lebenbau/belgorod.lebenbau.ru/wp-content/uploads/AboutItemImg1.png]
[C:/Мои Web Сайты/сайт lebenbau/belgorod.lebenbau.ru/wp-content/uploads/AboutItemImg2.png]
[C:/Мои Web Сайты/сайт lebenbau/belgorod.lebenbau.ru/wp-content/uploads/AboutItemImg3.png]
[C:/Мои Web Сайты/сайт lebenbau/belgorod.lebenbau.ru/wp-content/uploads/AboutItemImg4.png]
[C:/Мои Web Сайты/сайт lebenbau/belgorod.lebenbau.ru/wp-includes/js/imagesloaded.min.js]
[C:/Мои Web Сайты/сайт lebenbau/belgorod.lebenbau.ru/wp-content/themes/lebenbau/js/scrollmagic.min.js]
[C:/Мои Web Сайты/сайт lebenbau/belgorod.lebenbau.ru/wp-content/themes/lebenbau/js/lbb_catalog-item-V3.js]
[C:/Мои Web Сайты/сайт lebenbau/belgorod.lebenbau.ru/catalog/simple/index.html]
[C:/Мои Web Сайты/сайт lebenbau/belgorod.lebenbau.ru/wp-content/themes/lebenbau/parts/laminate/laminate.js]
[C:/Мои Web Сайты/сайт lebenbau/belgorod.lebenbau.ru/wp-json/oembed/1.0/embed3b63.json]
[C:/Мои Web Сайты/сайт lebenbau/belgorod.lebenbau.ru/wp-json/oembed/1.0/embedbac7]
[C:/Мои Web Сайты/сайт lebenbau/belgorod.lebenbau.ru/wp-content/uploads/sites/3/2018/11/card-basic.jpg]
[C:/Мои Web Сайты/сайт lebenbau/belgorod.lebenbau.ru/wp-content/uploads/calc2-basic1.png]
[C:/Мои Web Сайты/сайт lebenbau/belgorod.lebenbau.ru/wp-content/uploads/calc2-basic2.png]
[C:/Мои Web Сайты/сайт lebenbau/belgorod.lebenbau.ru/wp-content/uploads/profile-calc-basic1.png]
[C:/Мои Web Сайты/сайт lebenbau/belgorod.lebenbau.ru/wp-content/uploads/profile-calc-basic2.png]
[C:/Мои Web Сайты/сайт lebenbau/belgorod.lebenbau.ru/wp-content/uploads/paket-calc-basic1.png]
[C:/Мои Web Сайты/сайт lebenbau/belgorod.lebenbau.ru/wp-content/uploads/paket-calc-basic2.png]
[C:/Мои Web Сайты/сайт lebenbau/belgorod.lebenbau.ru/wp-content/uploads/5-cells.png]
[C:/Мои Web Сайты/сайт lebenbau/belgorod.lebenbau.ru/wp-content/uploads/ust.png]
[C:/Мои Web Сайты/сайт lebenbau/belgorod.lebenbau.ru/wp-content/uploads/2cameri.svg]
[C:/Мои Web Сайты/сайт lebenbau/belgorod.lebenbau.ru/wp-content/uploads/fittings-advImg1.png]
[C:/Мои Web Сайты/сайт lebenbau/belgorod.lebenbau.ru/wp-content/uploads/fittings-advImg4.png]
[C:/Мои Web Сайты/сайт lebenbau/belgorod.lebenbau.ru/wp-content/uploads/technology.svg]
[C:/Мои Web Сайты/сайт lebenbau/belgorod.lebenbau.ru/wp-content/uploads/fittings-advImg3.png]
[C:/Мои Web Сайты/сайт lebenbau/belgorod.lebenbau.ru/catalog/basic/index.html]
[C:/Мои Web Сайты/сайт lebenbau/belgorod.lebenbau.ru/wp-content/uploads/vosk.svg]
[C:/Мои Web Сайты/сайт lebenbau/belgorod.lebenbau.ru/wp-json/oembed/1.0/embedb8de.json]
[C:/Мои Web Сайты/сайт lebenbau/belgorod.lebenbau.ru/wp-json/oembed/1.0/embed7de6]
[C:/Мои Web Сайты/сайт lebenbau/belgorod.lebenbau.ru/wp-content/uploads/sites/3/2018/11/card-optima.jpg]
[C:/Мои Web Сайты/сайт lebenbau/belgorod.lebenbau.ru/wp-content/uploads/calc2-optima.png]
[C:/Мои Web Сайты/сайт lebenbau/belgorod.lebenbau.ru/wp-content/uploads/profile-calc-optima.png]
[C:/Мои Web Сайты/сайт lebenbau/belgorod.lebenbau.ru/wp-content/uploads/paket-calc-optima.png]
[C:/Мои Web Сайты/сайт lebenbau/belgorod.lebenbau.ru/wp-content/uploads/glazing-2c.png]
[C:/Мои Web Сайты/сайт lebenbau/belgorod.lebenbau.ru/catalog/optima/index.html]
[C:/Мои Web Сайты/сайт lebenbau/belgorod.lebenbau.ru/wp-content/uploads/hod.svg]
[C:/Мои Web Сайты/сайт lebenbau/belgorod.lebenbau.ru/wp-json/oembed/1.0/embedcd7d.json]
[C:/Мои Web Сайты/сайт lebenbau/belgorod.lebenbau.ru/wp-json/oembed/1.0/embed0d4e]
[C:/Мои Web Сайты/сайт lebenbau/belgorod.lebenbau.ru/wp-content/uploads/sites/3/2018/11/card-titan.jpg]
[C:/Мои Web Сайты/сайт lebenbau/belgorod.lebenbau.ru/wp-content/uploads/calc2-titan.png]
[C:/Мои Web Сайты/сайт lebenbau/belgorod.lebenbau.ru/wp-content/uploads/profile-calc-titan.png]
[C:/Мои Web Сайты/сайт lebenbau/belgorod.lebenbau.ru/wp-content/uploads/paket-calc-titan.png]
[C:/Мои Web Сайты/сайт lebenbau/belgorod.lebenbau.ru/wp-content/uploads/–60°C.png]
[C:/Мои Web Сайты/сайт lebenbau/belgorod.lebenbau.ru/catalog/titan/index.html]
[C:/Мои Web Сайты/сайт lebenbau/belgorod.lebenbau.ru/wp-content/cache/autoptimize/3/css/autoptimize_fa29cf0ffdacafd4fe2df83792a1c36d.css]
[C:/Мои Web Сайты/сайт lebenbau/belgorod.lebenbau.ru/wp-json/oembed/1.0/embed9a88.json]
[C:/Мои Web Сайты/сайт lebenbau/belgorod.lebenbau.ru/wp-json/oembed/1.0/embed85c9]
[C:/Мои Web Сайты/сайт lebenbau/belgorod.lebenbau.ru/wp-content/uploads/sites/3/2017/07/first-screen-template.jpg]
[C:/Мои Web Сайты/сайт lebenbau/belgorod.lebenbau.ru/wp-content/uploads/sites/3/2017/07/repairi1.png]
[C:/Мои Web Сайты/сайт lebenbau/belgorod.lebenbau.ru/wp-content/uploads/sites/3/2017/07/repairi2.png]
[C:/Мои Web Сайты/сайт lebenbau/belgorod.lebenbau.ru/wp-content/uploads/sites/3/2017/07/timer.png]
[C:/Мои Web Сайты/сайт lebenbau/belgorod.lebenbau.ru/wp-content/uploads/sites/3/2017/07/individual.png]
[C:/Мои Web Сайты/сайт lebenbau/belgorod.lebenbau.ru/wp-content/uploads/sites/3/2017/07/repairw1.png]
[C:/Мои Web Сайты/сайт lebenbau/belgorod.lebenbau.ru/wp-content/uploads/sites/3/2017/07/repairw2.png]
[C:/Мои Web Сайты/сайт lebenbau/belgorod.lebenbau.ru/wp-content/uploads/sites/3/2017/07/repairw3.png]
[C:/Мои Web Сайты/сайт lebenbau/belgorod.lebenbau.ru/wp-content/uploads/sites/3/2017/07/repairw4.png]
[C:/Мои Web Сайты/сайт lebenbau/belgorod.lebenbau.ru/wp-content/uploads/sites/3/2017/07/repairw5.png]
[C:/Мои Web Сайты/сайт lebenbau/belgorod.lebenbau.ru/wp-content/uploads/sites/3/2017/07/repairw6.png]
[C:/Мои Web Сайты/сайт lebenbau/belgorod.lebenbau.ru/wp-content/uploads/2017/11/icons-repair--we-can.png]
[C:/Мои Web Сайты/сайт lebenbau/belgorod.lebenbau.ru/wp-content/uploads/master.png]
[C:/Мои Web Сайты/сайт lebenbau/belgorod.lebenbau.ru/remontokon/index.html]
[C:/Мои Web Сайты/сайт lebenbau/belgorod.lebenbau.ru/akciyi-belgorod/index.html]
[C:/Мои Web Сайты/сайт lebenbau/belgorod.lebenbau.ru/wp-content/cache/autoptimize/3/css/autoptimize_148525b39c0848c9fe9fb98166304564.css]
[C:/Мои Web Сайты/сайт lebenbau/belgorod.lebenbau.ru/wp-json/oembed/1.0/embed7025.json]
[C:/Мои Web Сайты/сайт lebenbau/belgorod.lebenbau.ru/wp-json/oembed/1.0/embed21a5]
[C:/Мои Web Сайты/сайт lebenbau/belgorod.lebenbau.ru/sitemap-html/index.html]
[C:/Мои Web Сайты/сайт lebenbau/belgorod.lebenbau.ru/catalog-belgorod/index.html]
[C:/Мои Web Сайты/сайт lebenbau/belgorod.lebenbau.ru/wp-content/themes/lebenbau/js/slick.min.js]
[C:/Мои Web Сайты/сайт lebenbau/belgorod.lebenbau.ru/wp-content/themes/lebenbau/js/jquery.maskedinput.min.js]
[C:/Мои Web Сайты/сайт lebenbau/belgorod.lebenbau.ru/wp-content/themes/lebenbau/js/lazy-load.js]
[C:/Мои Web Сайты/сайт lebenbau/belgorod.lebenbau.ru/wp-content/themes/lebenbau/js/lbb_jquery.cookie.min.js]
[C:/Мои Web Сайты/сайт lebenbau/belgorod.lebenbau.ru/wp-content/themes/lebenbau/js/lbb_template.js]
[C:/Мои Web Сайты/сайт lebenbau/belgorod.lebenbau.ru/county/js/events.js]
[C:/Мои Web Сайты/сайт lebenbau/belgorod.lebenbau.ru/wp-content/themes/lebenbau/js/fancybox3/jquery.fancybox.min.js]
[C:/Мои Web Сайты/сайт lebenbau/belgorod.lebenbau.ru/wp-content/plugins/contact-form-7/includes/js/scripts.js]
[C:/Мои Web Сайты/сайт lebenbau/belgorod.lebenbau.ru/wp-includes/js/wp-embed.min.js]
[C:/Мои Web Сайты/сайт lebenbau/belgorod.lebenbau.ru/wp-content/themes/lebenbau/parts/catalogcat-items/catalogcat-items-v2.js]
[C:/Мои Web Сайты/сайт lebenbau/belgorod.lebenbau.ru/wp-content/themes/lebenbau/parts/wat-to-needed/wat-to-needed.js]
[C:/Мои Web Сайты/сайт lebenbau/belgorod.lebenbau.ru/wp-content/themes/lebenbau/parts/slider-reviews/slider-reviews.js]
[C:/Мои Web Сайты/сайт lebenbau/belgorod.lebenbau.ru/wp-content/themes/lebenbau/parts/slider-sertificates/sertificates.js]
[C:/Мои Web Сайты/сайт lebenbau/belgorod.lebenbau.ru/zakaz-2/index.html]
[C:/Мои Web Сайты/сайт lebenbau/belgorod.lebenbau.ru/POST]
[C:/Мои Web Сайты/сайт lebenbau/cdn.bitrix24.ru/b11768640/crm/site_button/loader_5_24e9od.js]
[C:/Мои Web Сайты/сайт lebenbau/belgorod.lebenbau.ru/thanks_page/index.html]
[C:/Мои Web Сайты/сайт lebenbau/cdn-ru.bitrix24.ru/b11768640/crm/tag/call.tracker.js]
[C:/Мои Web Сайты/сайт lebenbau/belgorod.lebenbau.ru/wp-content/uploads/bl313.jpg]
[C:/Мои Web Сайты/сайт lebenbau/belgorod.lebenbau.ru/wp-content/uploads/bl31.jpg]
[C:/Мои Web Сайты/сайт lebenbau/belgorod.lebenbau.ru/wp-content/uploads/bl315.png]
[C:/Мои Web Сайты/сайт lebenbau/belgorod.lebenbau.ru/wp-content/uploads/list02.png]
[C:/Мои Web Сайты/сайт lebenbau/belgorod.lebenbau.ru/wp-content/uploads/list01.png]
[C:/Мои Web Сайты/сайт lebenbau/belgorod.lebenbau.ru/wp-content/uploads/studio01.jpg]
[C:/Мои Web Сайты/сайт lebenbau/belgorod.lebenbau.ru/wp-content/uploads/studio02.jpg]
[C:/Мои Web Сайты/сайт lebenbau/belgorod.lebenbau.ru/wp-content/uploads/studio03.jpg]
[C:/Мои Web Сайты/сайт lebenbau/belgorod.lebenbau.ru/wp-content/uploads/studio04.jpg]
[C:/Мои Web Сайты/сайт lebenbau/belgorod.lebenbau.ru/wp-content/uploads/studio05.jpg]
[C:/Мои Web Сайты/сайт lebenbau/belgorod.lebenbau.ru/wp-content/uploads/studio06.jpg]
[C:/Мои Web Сайты/сайт lebenbau/belgorod.lebenbau.ru/wp-content/cache/autoptimize/3/css/autoptimize_0c5eed75131a1df9a9d1469bdbc3143a.css]
[C:/Мои Web Сайты/сайт lebenbau/belgorod.lebenbau.ru/index8aa6.html]
[C:/Мои Web Сайты/сайт lebenbau/belgorod.lebenbau.ru/wp-content/cache/autoptimize/3/css/autoptimize_a3aeb0dbdb90d17c69af8c6c9ccadd96.css]
[C:/Мои Web Сайты/сайт lebenbau/belgorod.lebenbau.ru/wp-content/cache/autoptimize/3/css/autoptimize_d9aef2788e1d3e7ab358ee3ec7325658.css]
[C:/Мои Web Сайты/сайт lebenbau/belgorod.lebenbau.ru/index807c.html]
[C:/Мои Web Сайты/сайт lebenbau/belgorod.lebenbau.ru/wp-content/cache/autoptimize/3/css/autoptimize_618d65f1f1712dedb82198e33f52df43.css]
[C:/Мои Web Сайты/сайт lebenbau/belgorod.lebenbau.ru/indexb950.html]
[C:/Мои Web Сайты/сайт lebenbau/belgorod.lebenbau.ru/wp-content/cache/autoptimize/3/css/autoptimize_7a063ce48d7c29716abbdbab35b5dab8.css]
[C:/Мои Web Сайты/сайт lebenbau/belgorod.lebenbau.ru/indexd4e2.html]
[C:/Мои Web Сайты/сайт lebenbau/belgorod.lebenbau.ru/wp-includes/images/arrow-article.png]
[C:/Мои Web Сайты/сайт lebenbau/belgorod.lebenbau.ru/wp-includes/images/arrow-article-hover.png]
[C:/Мои Web Сайты/сайт lebenbau/belgorod.lebenbau.ru/wp-includes/images/list-marker.png]
[C:/Мои Web Сайты/сайт lebenbau/belgorod.lebenbau.ru/wp-includes/images/vk.png]
[C:/Мои Web Сайты/сайт lebenbau/belgorod.lebenbau.ru/wp-includes/images/fb.png]
[C:/Мои Web Сайты/сайт lebenbau/belgorod.lebenbau.ru/wp-includes/images/ok.png]
[C:/Мои Web Сайты/сайт lebenbau/belgorod.lebenbau.ru/wp-content/cache/autoptimize/3/css/autoptimize_dbfa23e8c7064706696fc2edd7abec5b.css]
[C:/Мои Web Сайты/сайт lebenbau/belgorod.lebenbau.ru/statyi/osobennosti-ostekleniya-balkonov-i-lodzhij/index.html]
[C:/Мои Web Сайты/сайт lebenbau/belgorod.lebenbau.ru/statyi/ustanovka-plastikovyh-okon-i-dverej-po-gostu/index.html]
[C:/Мои Web Сайты/сайт lebenbau/belgorod.lebenbau.ru/statyi/laminirovannye-pvh-konstrukcii/index.html]
[C:/Мои Web Сайты/сайт lebenbau/belgorod.lebenbau.ru/statyi/funkciya-klimat-kontrol-v-pvh-okne/index.html]
[C:/Мои Web Сайты/сайт lebenbau/belgorod.lebenbau.ru/statyi/rol-steklopaketa-v-plastikovom-okne/index.html]
[C:/Мои Web Сайты/сайт lebenbau/belgorod.lebenbau.ru/statyi/gotovye-plastikovye-okna-i-dveri/index.html]
[C:/Мои Web Сайты/сайт lebenbau/belgorod.lebenbau.ru/statyi/sredstva-zashchity-plastikovyh-okon-i-dverej-ot-vzloma/index.html]
[C:/Мои Web Сайты/сайт lebenbau/belgorod.lebenbau.ru/statyi/potrebitelskie-svojstva-okonnyh-konstrukcij-iz-pvh/index.html]
[C:/Мои Web Сайты/сайт lebenbau/belgorod.lebenbau.ru/statyi/kak-oformit-otkosy-pri-ustanovke-okna/index.html]
[C:/Мои Web Сайты/сайт lebenbau/belgorod.lebenbau.ru/statyi/razlichie-okonnyh-konstrukcij-klassov-a-b-c/index.html]
[C:/Мои Web Сайты/сайт lebenbau/belgorod.lebenbau.ru/wp-content/uploads/i.png]
[C:/Мои Web Сайты/сайт lebenbau/belgorod.lebenbau.ru/wp-content/cache/autoptimize/3/css/autoptimize_f2a0fac915a9b2429934770b88e6ee86.css]
[C:/Мои Web Сайты/сайт lebenbau/belgorod.lebenbau.ru/indexed5e.html]
[C:/Мои Web Сайты/сайт lebenbau/belgorod.lebenbau.ru/wp-content/uploads/icon-close.svg]
[C:/Мои Web Сайты/сайт lebenbau/belgorod.lebenbau.ru/wp-content/themes/lebenbau/js/scrollbar.js]
[C:/Мои Web Сайты/сайт lebenbau/belgorod.lebenbau.ru/wp-content/themes/lebenbau/js/lbb_contacts.js]
[C:/Мои Web Сайты/сайт lebenbau/belgorod.lebenbau.ru/wp-content/uploads/headerV2/logo01.html]
[C:/Мои Web Сайты/сайт lebenbau/belgorod.lebenbau.ru/wp-content/cache/autoptimize/3/css/autoptimize_f3ac7d1b285e3a07a141d7714aaf1aae.css]
[C:/Мои Web Сайты/сайт lebenbau/belgorod.lebenbau.ru/wp-content/uploads/mouse.png]
[C:/Мои Web Сайты/сайт lebenbau/belgorod.lebenbau.ru/wp-content/uploads/c-arrow.png]
[C:/Мои Web Сайты/сайт lebenbau/belgorod.lebenbau.ru/wp-content/cache/autoptimize/3/css/autoptimize_81084b769d3c7efdc7edcdc58a8a729d.css]
[C:/Мои Web Сайты/сайт lebenbau/belgorod.lebenbau.ru/indexec47.html]
[C:/Мои Web Сайты/сайт lebenbau/belgorod.lebenbau.ru/wp-content/themes/lebenbau/parts/catalogcat-items/catalogcat-items.js]
[C:/Мои Web Сайты/сайт lebenbau/belgorod.lebenbau.ru/indexb99a.html]
[C:/Мои Web Сайты/сайт lebenbau/belgorod.lebenbau.ru/wp-content/uploads/sfree.png]
[C:/Мои Web Сайты/сайт lebenbau/belgorod.lebenbau.ru/wp-content/uploads/coldorwarm.jpg]
[C:/Мои Web Сайты/сайт lebenbau/belgorod.lebenbau.ru/wp-content/cache/autoptimize/3/css/autoptimize_db4d3d89710d9ed537d4ef09355ea1fd.css]
[C:/Мои Web Сайты/сайт lebenbau/belgorod.lebenbau.ru/index3bc7.html]
[C:/Мои Web Сайты/сайт lebenbau/belgorod.lebenbau.ru/wp-content/uploads/Index-lamination.jpg]
[C:/Мои Web Сайты/сайт lebenbau/belgorod.lebenbau.ru/wp-content/uploads/mscroll.png]
[C:/Мои Web Сайты/сайт lebenbau/belgorod.lebenbau.ru/wp-content/cache/autoptimize/3/css/autoptimize_dcf0dd1801225956da282f14658b8a5f.css]
[C:/Мои Web Сайты/сайт lebenbau/belgorod.lebenbau.ru/indexf4cd.html]
[C:/Мои Web Сайты/сайт lebenbau/belgorod.lebenbau.ru/wp-content/themes/lebenbau/js/lbb_laminate.js]
[C:/Мои Web Сайты/сайт lebenbau/belgorod.lebenbau.ru/wp-content/themes/lebenbau/parts/slider-inner-works/slider-inner-works.js]
[C:/Мои Web Сайты/сайт lebenbau/belgorod.lebenbau.ru/wp-content/uploads/bl14.jpg]
[C:/Мои Web Сайты/сайт lebenbau/belgorod.lebenbau.ru/wp-content/uploads/bl141.png]
[C:/Мои Web Сайты/сайт lebenbau/belgorod.lebenbau.ru/wp-content/uploads/bl142.png]
[C:/Мои Web Сайты/сайт lebenbau/belgorod.lebenbau.ru/wp-content/uploads/bl143.png]
[C:/Мои Web Сайты/сайт lebenbau/belgorod.lebenbau.ru/wp-content/uploads/bl144.png]
[C:/Мои Web Сайты/сайт lebenbau/belgorod.lebenbau.ru/wp-content/cache/autoptimize/3/css/autoptimize_1e97441d88ecd56dbd35f52a0bf4a13c.css]
[C:/Мои Web Сайты/сайт lebenbau/belgorod.lebenbau.ru/indexa7d8.html]
[C:/Мои Web Сайты/сайт lebenbau/belgorod.lebenbau.ru/wp-content/cache/autoptimize/3/css/autoptimize_c9e1337527f1a14e9ade107359c50f92.css]
[C:/Мои Web Сайты/сайт lebenbau/belgorod.lebenbau.ru/indexa36b.html]
[C:/Мои Web Сайты/сайт lebenbau/belgorod.lebenbau.ru/wp-content/cache/autoptimize/3/css/autoptimize_86cfc62b94172a41d5911d1f1a2ffcfd.css]
[C:/Мои Web Сайты/сайт lebenbau/belgorod.lebenbau.ru/index8320.html]
[C:/Мои Web Сайты/сайт lebenbau/belgorod.lebenbau.ru/wp-content/cache/autoptimize/3/css/autoptimize_907bc3a3fba3e8c5477b7549201c6825.css]
[C:/Мои Web Сайты/сайт lebenbau/belgorod.lebenbau.ru/index1de9.html]
[C:/Мои Web Сайты/сайт lebenbau/belgorod.lebenbau.ru/cvetnie-okna-laminacia/index.html]
[C:/Мои Web Сайты/сайт lebenbau/belgorod.lebenbau.ru/ukrashenie-okon-i-dverei/index.html]
[C:/Мои Web Сайты/сайт lebenbau/belgorod.lebenbau.ru/swfobject/swfkrpano.js]
[C:/Мои Web Сайты/сайт lebenbau/belgorod.lebenbau.ru/virtualtour.swf]
[C:/Мои Web Сайты/сайт lebenbau/belgorod.lebenbau.ru/virtualtour.html]
[C:/Мои Web Сайты/сайт lebenbau/belgorod.lebenbau.ru/wp-content/themes/lebenbau/js/fotorama.js]
[C:/Мои Web Сайты/сайт lebenbau/belgorod.lebenbau.ru/wp-content/uploads/bl25.jpg]
[C:/Мои Web Сайты/сайт lebenbau/belgorod.lebenbau.ru/wp-content/cache/autoptimize/3/css/autoptimize_3c4f5be1bfa5cae423a6d7a4554dee43.css]
[C:/Мои Web Сайты/сайт lebenbau/belgorod.lebenbau.ru/index56d6.html]
[C:/Мои Web Сайты/сайт lebenbau/belgorod.lebenbau.ru/wp-content/cache/autoptimize/3/css/autoptimize_d3205c026231cb839ff6ec9bf881f2ef.css]
[C:/Мои Web Сайты/сайт lebenbau/belgorod.lebenbau.ru/index5ab9.html]
[C:/Мои Web Сайты/сайт lebenbau/belgorod.lebenbau.ru/wp-content/cache/autoptimize/3/css/autoptimize_bbd93d01733e7bf7e92f9978fc1a7623.css]
[C:/Мои Web Сайты/сайт lebenbau/belgorod.lebenbau.ru/index39a7.html]
[C:/Мои Web Сайты/сайт lebenbau/belgorod.lebenbau.ru/wp-content/cache/autoptimize/3/css/autoptimize_a4e351210dfc577dc9e11ab8f96e83bb.css]
[C:/Мои Web Сайты/сайт lebenbau/belgorod.lebenbau.ru/index58ca.html]
[C:/Мои Web Сайты/сайт lebenbau/belgorod.lebenbau.ru/wp-content/uploads/rascalc-cbank_r.png]
[C:/Мои Web Сайты/сайт lebenbau/belgorod.lebenbau.ru/wp-content/cache/autoptimize/3/css/autoptimize_7747635f34dedbb51078f12e3c83aea5.css]
[C:/Мои Web Сайты/сайт lebenbau/belgorod.lebenbau.ru/index652c.html]
[C:/Мои Web Сайты/сайт lebenbau/belgorod.lebenbau.ru/wp-content/themes/lebenbau/js/lbb_calc.js]
[C:/Мои Web Сайты/сайт lebenbau/belgorod.lebenbau.ru/wp-content/themes/lebenbau/js/lbb_cat3_rassrochka.js]
[C:/Мои Web Сайты/сайт lebenbau/belgorod.lebenbau.ru/wp-content/uploads/roulette-bg.png]
[C:/Мои Web Сайты/сайт lebenbau/belgorod.lebenbau.ru/wp-content/cache/autoptimize/3/css/autoptimize_a504ee260c10ca16e2ddb77167471f05.css]
[C:/Мои Web Сайты/сайт lebenbau/belgorod.lebenbau.ru/indexed0b.html]
[C:/Мои Web Сайты/сайт lebenbau/belgorod.lebenbau.ru/wp-content/uploads/calc-icons_antiholod.svg]
[C:/Мои Web Сайты/сайт lebenbau/belgorod.lebenbau.ru/wp-content/uploads/calc-icons_stopholod-ultra.svg]
[C:/Мои Web Сайты/сайт lebenbau/belgorod.lebenbau.ru/wp-content/uploads/calc-icons_antizhara.svg]
[C:/Мои Web Сайты/сайт lebenbau/belgorod.lebenbau.ru/wp-content/uploads/calc-icons_anticondensat.svg]
[C:/Мои Web Сайты/сайт lebenbau/belgorod.lebenbau.ru/wp-content/uploads/calc-icons_antizhara-ultra.svg]
[C:/Мои Web Сайты/сайт lebenbau/belgorod.lebenbau.ru/wp-content/uploads/calc-icons_argon.svg]
[C:/Мои Web Сайты/сайт lebenbau/belgorod.lebenbau.ru/wp-content/uploads/calc-icons_handle-hoppe.svg]
[C:/Мои Web Сайты/сайт lebenbau/belgorod.lebenbau.ru/wp-content/uploads/calc-icons_zashita.svg]
[C:/Мои Web Сайты/сайт lebenbau/belgorod.lebenbau.ru/wp-content/uploads/calc-icons_produv.svg]
[C:/Мои Web Сайты/сайт lebenbau/belgorod.lebenbau.ru/wp-content/uploads/calc-icons_provetr.svg]
[C:/Мои Web Сайты/сайт lebenbau/belgorod.lebenbau.ru/wp-content/uploads/calc-icons_handle-roto.svg]
[C:/Мои Web Сайты/сайт lebenbau/belgorod.lebenbau.ru/wp-includes/js/imagesloaded.min.js]
[C:/Мои Web Сайты/сайт lebenbau/belgorod.lebenbau.ru/wp-content/themes/lebenbau/js/scrollmagic.min.js]
[C:/Мои Web Сайты/сайт lebenbau/belgorod.lebenbau.ru/wp-content/themes/lebenbau/js/lbb_catalog-item-V3.js]
[C:/Мои Web Сайты/сайт lebenbau/belgorod.lebenbau.ru/wp-content/themes/lebenbau/parts/laminate/laminate.js]
[C:/Мои Web Сайты/сайт lebenbau/belgorod.lebenbau.ru/index6701.html]
[C:/Мои Web Сайты/сайт lebenbau/belgorod.lebenbau.ru/wp-content/uploads/2cameri.svg]
[C:/Мои Web Сайты/сайт lebenbau/belgorod.lebenbau.ru/wp-content/uploads/technology.svg]
[C:/Мои Web Сайты/сайт lebenbau/belgorod.lebenbau.ru/wp-content/uploads/vosk.svg]
[C:/Мои Web Сайты/сайт lebenbau/belgorod.lebenbau.ru/indexd673.html]
[C:/Мои Web Сайты/сайт lebenbau/belgorod.lebenbau.ru/wp-content/uploads/hod.svg]
[C:/Мои Web Сайты/сайт lebenbau/belgorod.lebenbau.ru/index2fb3.html]
[C:/Мои Web Сайты/сайт lebenbau/belgorod.lebenbau.ru/wp-content/uploads/listleaf.png]
[C:/Мои Web Сайты/сайт lebenbau/belgorod.lebenbau.ru/wp-content/cache/autoptimize/3/css/autoptimize_fa29cf0ffdacafd4fe2df83792a1c36d.css]
[C:/Мои Web Сайты/сайт lebenbau/belgorod.lebenbau.ru/indexc4e2.html]
[C:/Мои Web Сайты/сайт lebenbau/belgorod.lebenbau.ru/wp-content/cache/autoptimize/3/css/autoptimize_148525b39c0848c9fe9fb98166304564.css]
[C:/Мои Web Сайты/сайт lebenbau/belgorod.lebenbau.ru/indexaa38.html]
[C:/Мои Web Сайты/сайт lebenbau/belgorod.lebenbau.ru/zakaz-2/index.html]
[C:/Мои Web Сайты/сайт lebenbau/belgorod.lebenbau.ru/thanks_page/index.html]
[C:/Мои Web Сайты/сайт lebenbau/belgorod.lebenbau.ru/POST.html]
[C:/Мои Web Сайты/сайт lebenbau/belgorod.lebenbau.ru/wp-content/uploads/icon-close.svg]
[C:/Мои Web Сайты/сайт lebenbau/belgorod.lebenbau.ru/wp-content/themes/lebenbau/css/mCSB_buttons.html]
[C:/Мои Web Сайты/сайт lebenbau/belgorod.lebenbau.ru/contact/cdnjs.cloudflare.com/ajax/libs/jquery-mousewheel/3.1.13/jquery.mousewheel.min.html]
[C:/Мои Web Сайты/сайт lebenbau/belgorod.lebenbau.ru/wp-content/themes/lebenbau/css/fotorama.html]
[C:/Мои Web Сайты/сайт lebenbau/belgorod.lebenbau.ru/swfobject/swfkrpano.js]
