[C:/Мои Web Сайты/сайт Lebenbau31/belgorod.Lebenbau31.ru/wp-content/themes/Lebenbau31/fonts/MyriadProBoldCond.woff2]
[C:/Мои Web Сайты/сайт Lebenbau31/belgorod.Lebenbau31.ru/wp-content/themes/Lebenbau31/fonts/blisspro-light.woff2]
[C:/Мои Web Сайты/сайт Lebenbau31/backblue.gif]
[C:/Мои Web Сайты/сайт Lebenbau31/fade.gif]
[C:/Мои Web Сайты/сайт Lebenbau31/index.html]
[C:/Мои Web Сайты/сайт Lebenbau31/belgorod.Lebenbau31.ru/wp-content/cache/autoptimize/3/css/autoptimize_a41f529ce1b8cdac53ae0d105da6bda5.css]
[C:/Мои Web Сайты/сайт Lebenbau31/belgorod.Lebenbau31.ru/wp-content/themes/Lebenbau31/js/jquery.min.js]
[C:/Мои Web Сайты/сайт Lebenbau31/belgorod.Lebenbau31.ru/wp-json/oembed/1.0/embed0137.json]
[C:/Мои Web Сайты/сайт Lebenbau31/belgorod.Lebenbau31.ru/wp-json/index.html]
[C:/Мои Web Сайты/сайт Lebenbau31/belgorod.Lebenbau31.ru/wp-json/oembed/1.0/embed6c01]
[C:/Мои Web Сайты/сайт Lebenbau31/Lebenbau31.ru/wp-content/themes/Lebenbau31/css/lbb_about5560.css]
[C:/Мои Web Сайты/сайт Lebenbau31/belgorod.Lebenbau31.ru/favicon.ico]
[C:/Мои Web Сайты/сайт Lebenbau31/belgorod.Lebenbau31.ru/wp-content/uploads/headerV2/logo.svg]
[C:/Мои Web Сайты/сайт Lebenbau31/belgorod.Lebenbau31.ru/wp-content/uploads/headerV2/logo-mobile.png]
[C:/Мои Web Сайты/сайт Lebenbau31/belgorod.Lebenbau31.ru/wp-content/uploads/headerV2/Lebenbau31-logo-hor.svg]
[C:/Мои Web Сайты/сайт Lebenbau31/belgorod.Lebenbau31.ru/akciyi/index.html]
[C:/Мои Web Сайты/сайт Lebenbau31/belgorod.Lebenbau31.ru/about/index.html]
[C:/Мои Web Сайты/сайт Lebenbau31/belgorod.Lebenbau31.ru/reviews/index.html]
[C:/Мои Web Сайты/сайт Lebenbau31/belgorod.Lebenbau31.ru/wp-content/uploads/headerV2/burger.png]
[C:/Мои Web Сайты/сайт Lebenbau31/belgorod.Lebenbau31.ru/faq/index.html]
[C:/Мои Web Сайты/сайт Lebenbau31/belgorod.Lebenbau31.ru/category/statyi/index.html]
[C:/Мои Web Сайты/сайт Lebenbau31/belgorod.Lebenbau31.ru/wp-content/uploads/headerV2/tel.png]
[C:/Мои Web Сайты/сайт Lebenbau31/belgorod.Lebenbau31.ru/warranty/index.html]
[C:/Мои Web Сайты/сайт Lebenbau31/belgorod.Lebenbau31.ru/contact/index.html]
[C:/Мои Web Сайты/сайт Lebenbau31/belgorod.Lebenbau31.ru/wp-content/uploads/headerV2/x-black.png]
[C:/Мои Web Сайты/сайт Lebenbau31/belgorod.Lebenbau31.ru/wp-content/uploads/lam-window.png]
[C:/Мои Web Сайты/сайт Lebenbau31/belgorod.Lebenbau31.ru/cottages/index.html]
[C:/Мои Web Сайты/сайт Lebenbau31/belgorod.Lebenbau31.ru/oknavkvartiru/index.html]
[C:/Мои Web Сайты/сайт Lebenbau31/belgorod.Lebenbau31.ru/catalog/index.html]
[C:/Мои Web Сайты/сайт Lebenbau31/belgorod.Lebenbau31.ru/wp-content/uploads/morewindows.gif]
[C:/Мои Web Сайты/сайт Lebenbau31/belgorod.Lebenbau31.ru/balkons/index.html]
[C:/Мои Web Сайты/сайт Lebenbau31/belgorod.Lebenbau31.ru/wp-content/uploads/homeV2/slides/slide3/background.jpg]
[C:/Мои Web Сайты/сайт Lebenbau31/belgorod.Lebenbau31.ru/wp-content/uploads/homeV2/i-need-windows/first.png]
[C:/Мои Web Сайты/сайт Lebenbau31/belgorod.Lebenbau31.ru/statyi/index.html]
[C:/Мои Web Сайты/сайт Lebenbau31/belgorod.Lebenbau31.ru/laminacia/index.html]
[C:/Мои Web Сайты/сайт Lebenbau31/belgorod.Lebenbau31.ru/wp-content/uploads/homeV2/i-need-windows/mobile/first.png]
[C:/Мои Web Сайты/сайт Lebenbau31/belgorod.Lebenbau31.ru/wp-content/uploads/homeV2/i-need-windows/mobile/arrow.png]
[C:/Мои Web Сайты/сайт Lebenbau31/belgorod.Lebenbau31.ru/wp-content/uploads/homeV2/i-need-windows/second.png]
[C:/Мои Web Сайты/сайт Lebenbau31/belgorod.Lebenbau31.ru/zakaz/index.html]
[C:/Мои Web Сайты/сайт Lebenbau31/belgorod.Lebenbau31.ru/wp-content/uploads/homeV2/i-need-windows/mobile/second.png]
[C:/Мои Web Сайты/сайт Lebenbau31/belgorod.Lebenbau31.ru/metering/index.html]
[C:/Мои Web Сайты/сайт Lebenbau31/belgorod.Lebenbau31.ru/pay/index.html]
[C:/Мои Web Сайты/сайт Lebenbau31/belgorod.Lebenbau31.ru/wp-content/uploads/homeV2/i-need-windows/third.png]
[C:/Мои Web Сайты/сайт Lebenbau31/belgorod.Lebenbau31.ru/proizvodstvo/index.html]
[C:/Мои Web Сайты/сайт Lebenbau31/belgorod.Lebenbau31.ru/wp-content/uploads/homeV2/i-need-windows/mobile/third.png]
[C:/Мои Web Сайты/сайт Lebenbau31/belgorod.Lebenbau31.ru/delivery/index.html]
[C:/Мои Web Сайты/сайт Lebenbau31/belgorod.Lebenbau31.ru/ustanovka/index.html]
[C:/Мои Web Сайты/сайт Lebenbau31/belgorod.Lebenbau31.ru/wp-content/uploads/homeV2/catalog/icon-cards.png]
[C:/Мои Web Сайты/сайт Lebenbau31/belgorod.Lebenbau31.ru/wp-content/uploads/homeV2/catalog/icon-table.png]
[C:/Мои Web Сайты/сайт Lebenbau31/belgorod.Lebenbau31.ru/decor/index.html]
[C:/Мои Web Сайты/сайт Lebenbau31/belgorod.Lebenbau31.ru/akciyi/more_windows_more_discount/index.html]
[C:/Мои Web Сайты/сайт Lebenbau31/belgorod.Lebenbau31.ru/wp-content/uploads/homeV2/why-us/icons-main-gost.png]
[C:/Мои Web Сайты/сайт Lebenbau31/belgorod.Lebenbau31.ru/catalog/simple/index.html]
[C:/Мои Web Сайты/сайт Lebenbau31/belgorod.Lebenbau31.ru/catalog/basic/index.html]
[C:/Мои Web Сайты/сайт Lebenbau31/belgorod.Lebenbau31.ru/akciyi/okna_v_rassrochku/index.html]
[C:/Мои Web Сайты/сайт Lebenbau31/belgorod.Lebenbau31.ru/wp-content/uploads/homeV2/why-us/icons-main-neperekup.png]
[C:/Мои Web Сайты/сайт Lebenbau31/belgorod.Lebenbau31.ru/catalog/optima/index.html]
[C:/Мои Web Сайты/сайт Lebenbau31/belgorod.Lebenbau31.ru/wp-content/uploads/homeV2/why-us/icons-main-guarantee.png]
[C:/Мои Web Сайты/сайт Lebenbau31/belgorod.Lebenbau31.ru/wp-content/uploads/homeV2/why-us/icons-main-bezsvinca.png]
[C:/Мои Web Сайты/сайт Lebenbau31/belgorod.Lebenbau31.ru/catalog/titan/index.html]
[C:/Мои Web Сайты/сайт Lebenbau31/belgorod.Lebenbau31.ru/wp-content/uploads/homeV2/why-us/icons-main-netoshibki1.png]
[C:/Мои Web Сайты/сайт Lebenbau31/belgorod.Lebenbau31.ru/wp-content/uploads/homeV2/why-us/icons-main-treednya.png]
[C:/Мои Web Сайты/сайт Lebenbau31/belgorod.Lebenbau31.ru/wp-content/uploads/homeV2/why-us/360.png]
[C:/Мои Web Сайты/сайт Lebenbau31/belgorod.Lebenbau31.ru/wp-content/uploads/homeV2/why-us/info.mp4]
[C:/Мои Web Сайты/сайт Lebenbau31/belgorod.Lebenbau31.ru/wp-content/uploads/homeV2/why-us/win-awards.png]
[C:/Мои Web Сайты/сайт Lebenbau31/belgorod.Lebenbau31.ru/wp-content/uploads/homeV2/why-us/gold-window.png]
[C:/Мои Web Сайты/сайт Lebenbau31/belgorod.Lebenbau31.ru/confidencial-politica-Lebenbau31.pdf]
[C:/Мои Web Сайты/сайт Lebenbau31/belgorod.Lebenbau31.ru/wp-content/uploads/1401.png]
[C:/Мои Web Сайты/сайт Lebenbau31/belgorod.Lebenbau31.ru/wp-content/uploads/line03.png]
[C:/Мои Web Сайты/сайт Lebenbau31/belgorod.Lebenbau31.ru/wp-content/uploads/garantii/gar_3.png]
[C:/Мои Web Сайты/сайт Lebenbau31/belgorod.Lebenbau31.ru/wp-content/uploads/garantii/gar_1.png]
[C:/Мои Web Сайты/сайт Lebenbau31/belgorod.Lebenbau31.ru/wp-content/uploads/garantii/gar_2.png]
[C:/Мои Web Сайты/сайт Lebenbau31/belgorod.Lebenbau31.ru/wp-content/uploads/garantii/gar_4.png]
[C:/Мои Web Сайты/сайт Lebenbau31/belgorod.Lebenbau31.ru/wp-content/uploads/garantii/gar_6.png]
[C:/Мои Web Сайты/сайт Lebenbau31/belgorod.Lebenbau31.ru/wp-content/uploads/garantii/gar_8.png]
[C:/Мои Web Сайты/сайт Lebenbau31/belgorod.Lebenbau31.ru/wp-content/uploads/garantii/gar_7.png]
[C:/Мои Web Сайты/сайт Lebenbau31/belgorod.Lebenbau31.ru/wp-content/uploads/garantii/gar_5.png]
[C:/Мои Web Сайты/сайт Lebenbau31/belgorod.Lebenbau31.ru/wp-content/uploads/sites/3/2019/02/001-protokol-ispitaniy-hit-gost-30673-2013-1077-931-prf-2018-pdf.io-001-724x1024.jpg]
[C:/Мои Web Сайты/сайт Lebenbau31/belgorod.Lebenbau31.ru/wp-content/uploads/sites/3/2019/02/003-Санитарно-эпидемиологическая-экспеD-001-739x1024.jpg]
[C:/Мои Web Сайты/сайт Lebenbau31/belgorod.Lebenbau31.ru/wp-content/uploads/sites/3/2019/02/002-Протокол-испытаний-к-сертификату-пож-001-724x1024.jpg]
[C:/Мои Web Сайты/сайт Lebenbau31/belgorod.Lebenbau31.ru/wp-content/uploads/sites/3/2019/02/004-СВИДЕТЕЛЬСТВО-РОССИЙСКАЯ-МАРКА-ЗОЛО-001-717x1024.jpg]
[C:/Мои Web Сайты/сайт Lebenbau31/belgorod.Lebenbau31.ru/wp-content/uploads/sites/3/2019/02/005-Сертификат-Proplex-ГОСТ-30673-2013-001-724x1024.jpg]
[C:/Мои Web Сайты/сайт Lebenbau31/belgorod.Lebenbau31.ru/wp-content/uploads/sites/3/2019/02/006-СЕРТИФИКАТ-СООТВЕТСТВИЯ-ПРОФИЛЕЙ-PROPLEX-HIT-001-716x1024.jpg]
[C:/Мои Web Сайты/сайт Lebenbau31/belgorod.Lebenbau31.ru/wp-content/uploads/sites/3/2019/02/007-Сертификат-соответствия-требованияD-001-724x1024.jpg]
[C:/Мои Web Сайты/сайт Lebenbau31/belgorod.Lebenbau31.ru/wp-content/uploads/sites/3/2019/02/008-СЕРТИФИКАТ-СООТВЕТСТВИЯ-ЭКОЛОГИЧЕСD-001-724x1024.jpg]
[C:/Мои Web Сайты/сайт Lebenbau31/belgorod.Lebenbau31.ru/wp-content/uploads/homeV2/seo/arrow.png]
[C:/Мои Web Сайты/сайт Lebenbau31/belgorod.Lebenbau31.ru/wp-content/uploads/footerV2/leaf.jpg]
[C:/Мои Web Сайты/сайт Lebenbau31/Lebenbau31.ru/wp-content/uploads/footerV2/logo.png]
[C:/Мои Web Сайты/сайт Lebenbau31/belgorod.Lebenbau31.ru/wp-content/uploads/footerV2/pin.png]
[C:/Мои Web Сайты/сайт Lebenbau31/belgorod.Lebenbau31.ru/wp-content/uploads/footerV2/cachebox.png]
[C:/Мои Web Сайты/сайт Lebenbau31/belgorod.Lebenbau31.ru/wp-content/uploads/footerV2/visa.png]
[C:/Мои Web Сайты/сайт Lebenbau31/belgorod.Lebenbau31.ru/wp-content/uploads/footerV2/mstr.png]
[C:/Мои Web Сайты/сайт Lebenbau31/belgorod.Lebenbau31.ru/wp-content/uploads/footerV2/window.png]
[C:/Мои Web Сайты/сайт Lebenbau31/belgorod.Lebenbau31.ru/wp-content/uploads/footerV2/steps.png]
[C:/Мои Web Сайты/сайт Lebenbau31/belgorod.Lebenbau31.ru/wp-content/uploads/footerV2/about.png]
[C:/Мои Web Сайты/сайт Lebenbau31/belgorod.Lebenbau31.ru/wp-content/uploads/footerV2/mobile/close.png]
[C:/Мои Web Сайты/сайт Lebenbau31/belgorod.Lebenbau31.ru/wp-content/themes/Lebenbau31/js/slick.min.js]
[C:/Мои Web Сайты/сайт Lebenbau31/belgorod.Lebenbau31.ru/remontokon/index.html]
[C:/Мои Web Сайты/сайт Lebenbau31/belgorod.Lebenbau31.ru/wp-content/themes/Lebenbau31/js/jquery.maskedinput.min.js]
[C:/Мои Web Сайты/сайт Lebenbau31/belgorod.Lebenbau31.ru/akciyi-belgorod/index.html]
[C:/Мои Web Сайты/сайт Lebenbau31/belgorod.Lebenbau31.ru/wp-content/themes/Lebenbau31/js/lazy-load.js]
[C:/Мои Web Сайты/сайт Lebenbau31/belgorod.Lebenbau31.ru/sitemap-html/index.html]
[C:/Мои Web Сайты/сайт Lebenbau31/belgorod.Lebenbau31.ru/catalog-belgorod/index.html]
[C:/Мои Web Сайты/сайт Lebenbau31/belgorod.Lebenbau31.ru/wp-content/themes/Lebenbau31/js/lbb_jquery.cookie.min.js]
[C:/Мои Web Сайты/сайт Lebenbau31/belgorod.Lebenbau31.ru/wp-content/themes/Lebenbau31/js/lbb_template.js]
[C:/Мои Web Сайты/сайт Lebenbau31/belgorod.Lebenbau31.ru/county/js/events.js]
[C:/Мои Web Сайты/сайт Lebenbau31/belgorod.Lebenbau31.ru/wp-content/themes/Lebenbau31/js/fancybox3/jquery.fancybox.min.js]
[C:/Мои Web Сайты/сайт Lebenbau31/belgorod.Lebenbau31.ru/wp-content/plugins/contact-form-7/includes/js/scripts.js]
[C:/Мои Web Сайты/сайт Lebenbau31/www.google.com/recaptcha/apic690.js]
[C:/Мои Web Сайты/сайт Lebenbau31/belgorod.Lebenbau31.ru/wp-includes/js/wp-embed.min.js]
[C:/Мои Web Сайты/сайт Lebenbau31/belgorod.Lebenbau31.ru/wp-content/themes/Lebenbau31/parts/catalogcat-items/catalogcat-items-v2.js]
[C:/Мои Web Сайты/сайт Lebenbau31/belgorod.Lebenbau31.ru/wp-content/themes/Lebenbau31/parts/wat-to-needed/wat-to-needed.js]
[C:/Мои Web Сайты/сайт Lebenbau31/belgorod.Lebenbau31.ru/wp-content/themes/Lebenbau31/parts/slider-reviews/slider-reviews.js]
[C:/Мои Web Сайты/сайт Lebenbau31/belgorod.Lebenbau31.ru/wp-content/themes/Lebenbau31/parts/slider-sertificates/sertificates.js]
[C:/Мои Web Сайты/сайт Lebenbau31/www.google-analytics.com/analytics.js]
[C:/Мои Web Сайты/сайт Lebenbau31/belgorod.Lebenbau31.ru/index.html]
[C:/Мои Web Сайты/сайт Lebenbau31/www.googletagmanager.com/gtm5445.html]
[C:/Мои Web Сайты/сайт Lebenbau31/belgorod.Lebenbau31.ru/wp-content/cache/autoptimize/3/css/autoptimize_a41f529ce1b8cdac53ae0d105da6bda5.css]
[C:/Мои Web Сайты/сайт Lebenbau31/belgorod.Lebenbau31.ru/wp-admin/admin-ajax.html]
[C:/Мои Web Сайты/сайт Lebenbau31/belgorod.Lebenbau31.ru/wp-content/themes/Lebenbau31/js/jquery.min.js]
[C:/Мои Web Сайты/сайт Lebenbau31/Lebenbau31.ru/wp-content/themes/Lebenbau31/css/lbb_about5560.css]
[C:/Мои Web Сайты/сайт Lebenbau31/belgorod.Lebenbau31.ru/about/index.html]
[C:/Мои Web Сайты/сайт Lebenbau31/belgorod.Lebenbau31.ru/akciyi/index.html]
[C:/Мои Web Сайты/сайт Lebenbau31/belgorod.Lebenbau31.ru/reviews/index.html]
[C:/Мои Web Сайты/сайт Lebenbau31/belgorod.Lebenbau31.ru/warranty/index.html]
[C:/Мои Web Сайты/сайт Lebenbau31/belgorod.Lebenbau31.ru/faq/index.html]
[C:/Мои Web Сайты/сайт Lebenbau31/belgorod.Lebenbau31.ru/category/statyi/index.html]
[C:/Мои Web Сайты/сайт Lebenbau31/belgorod.Lebenbau31.ru/contact/index.html]
[C:/Мои Web Сайты/сайт Lebenbau31/belgorod.Lebenbau31.ru/wp-content/uploads/headerV2/logo.svg]
[C:/Мои Web Сайты/сайт Lebenbau31/belgorod.Lebenbau31.ru/wp-content/uploads/headerV2/Lebenbau31-logo-hor.svg]
[C:/Мои Web Сайты/сайт Lebenbau31/belgorod.Lebenbau31.ru/catalog/index.html]
[C:/Мои Web Сайты/сайт Lebenbau31/belgorod.Lebenbau31.ru/cottages/index.html]
[C:/Мои Web Сайты/сайт Lebenbau31/belgorod.Lebenbau31.ru/oknavkvartiru/index.html]
[C:/Мои Web Сайты/сайт Lebenbau31/belgorod.Lebenbau31.ru/balkons/index.html]
[C:/Мои Web Сайты/сайт Lebenbau31/belgorod.Lebenbau31.ru/laminacia/index.html]
[C:/Мои Web Сайты/сайт Lebenbau31/belgorod.Lebenbau31.ru/statyi/index.html]
[C:/Мои Web Сайты/сайт Lebenbau31/belgorod.Lebenbau31.ru/zakaz/index.html]
[C:/Мои Web Сайты/сайт Lebenbau31/belgorod.Lebenbau31.ru/metering/index.html]
[C:/Мои Web Сайты/сайт Lebenbau31/belgorod.Lebenbau31.ru/pay/index.html]
[C:/Мои Web Сайты/сайт Lebenbau31/belgorod.Lebenbau31.ru/proizvodstvo/index.html]
[C:/Мои Web Сайты/сайт Lebenbau31/belgorod.Lebenbau31.ru/delivery/index.html]
[C:/Мои Web Сайты/сайт Lebenbau31/belgorod.Lebenbau31.ru/ustanovka/index.html]
[C:/Мои Web Сайты/сайт Lebenbau31/belgorod.Lebenbau31.ru/decor/index.html]
[C:/Мои Web Сайты/сайт Lebenbau31/belgorod.Lebenbau31.ru/akciyi/more_windows_more_discount/index.html]
[C:/Мои Web Сайты/сайт Lebenbau31/belgorod.Lebenbau31.ru/akciyi/okna_v_rassrochku/index.html]
[C:/Мои Web Сайты/сайт Lebenbau31/belgorod.Lebenbau31.ru/catalog/simple/index.html]
[C:/Мои Web Сайты/сайт Lebenbau31/belgorod.Lebenbau31.ru/catalog/basic/index.html]
[C:/Мои Web Сайты/сайт Lebenbau31/belgorod.Lebenbau31.ru/catalog/optima/index.html]
[C:/Мои Web Сайты/сайт Lebenbau31/belgorod.Lebenbau31.ru/catalog/titan/index.html]
[C:/Мои Web Сайты/сайт Lebenbau31/belgorod.Lebenbau31.ru/remontokon/index.html]
[C:/Мои Web Сайты/сайт Lebenbau31/belgorod.Lebenbau31.ru/akciyi-belgorod/index.html]
[C:/Мои Web Сайты/сайт Lebenbau31/belgorod.Lebenbau31.ru/sitemap-html/index.html]
[C:/Мои Web Сайты/сайт Lebenbau31/belgorod.Lebenbau31.ru/catalog-belgorod/index.html]
[C:/Мои Web Сайты/сайт Lebenbau31/belgorod.Lebenbau31.ru/wp-content/themes/Lebenbau31/js/slick.min.js]
[C:/Мои Web Сайты/сайт Lebenbau31/belgorod.Lebenbau31.ru/wp-content/themes/Lebenbau31/js/jquery.maskedinput.min.js]
[C:/Мои Web Сайты/сайт Lebenbau31/belgorod.Lebenbau31.ru/wp-content/themes/Lebenbau31/js/lazy-load.js]
[C:/Мои Web Сайты/сайт Lebenbau31/belgorod.Lebenbau31.ru/wp-content/themes/Lebenbau31/js/lbb_jquery.cookie.min.js]
[C:/Мои Web Сайты/сайт Lebenbau31/belgorod.Lebenbau31.ru/wp-content/themes/Lebenbau31/js/lbb_template.js]
[C:/Мои Web Сайты/сайт Lebenbau31/belgorod.Lebenbau31.ru/county/js/events.js]
[C:/Мои Web Сайты/сайт Lebenbau31/belgorod.Lebenbau31.ru/wp-content/themes/Lebenbau31/js/fancybox3/jquery.fancybox.min.js]
[C:/Мои Web Сайты/сайт Lebenbau31/belgorod.Lebenbau31.ru/wp-content/plugins/contact-form-7/includes/js/scripts.js]
[C:/Мои Web Сайты/сайт Lebenbau31/belgorod.Lebenbau31.ru/wp-includes/js/wp-embed.min.js]
[C:/Мои Web Сайты/сайт Lebenbau31/belgorod.Lebenbau31.ru/wp-content/themes/Lebenbau31/parts/catalogcat-items/catalogcat-items-v2.js]
[C:/Мои Web Сайты/сайт Lebenbau31/belgorod.Lebenbau31.ru/wp-content/themes/Lebenbau31/parts/wat-to-needed/wat-to-needed.js]
[C:/Мои Web Сайты/сайт Lebenbau31/belgorod.Lebenbau31.ru/wp-content/themes/Lebenbau31/parts/slider-reviews/slider-reviews.js]
[C:/Мои Web Сайты/сайт Lebenbau31/belgorod.Lebenbau31.ru/wp-content/themes/Lebenbau31/parts/slider-sertificates/sertificates.js]
[C:/Мои Web Сайты/сайт Lebenbau31/mc.yandex.ru/metrika/tag.js]
[C:/Мои Web Сайты/сайт Lebenbau31/belgorod.Lebenbau31.ru/POST]
[C:/Мои Web Сайты/сайт Lebenbau31/cdn.bitrix24.ru/b11768640/crm/site_button/loader_5_24e9od.js]
[C:/Мои Web Сайты/сайт Lebenbau31/belgorod.Lebenbau31.ru/wp-content/uploads/headerV2/logo01.html]
[C:/Мои Web Сайты/сайт Lebenbau31/cdn-ru.bitrix24.ru/b11768640/crm/tag/call.tracker.js]
[C:/Мои Web Сайты/сайт Lebenbau31/belgorod.Lebenbau31.ru/POST.html]
